Archive member included to satisfy reference by file (symbol)

E:/Prog/Fac/TER/Decawave_DWM1001-DEV/Source_Code_DWM-Tag/src/dwm-tag/../../lib/libdwm.a(ble-server.o)
                              E:/Prog/Fac/TER/Decawave_DWM1001-DEV/Source_Code_DWM-Tag/src/dwm-tag/../../lib/dwm.o (ble_add_shell_cmds)
E:/Prog/Fac/TER/Decawave_DWM1001-DEV/Source_Code_DWM-Tag/src/dwm-tag/../../lib/libdwm.a(ble_srv_common.o)
                              E:/Prog/Fac/TER/Decawave_DWM1001-DEV/Source_Code_DWM-Tag/src/dwm-tag/../../lib/libdwm.a(ble-server.o) (ble_srv_is_notification_enabled)
E:/Prog/Fac/TER/Decawave_DWM1001-DEV/Source_Code_DWM-Tag/src/dwm-tag/../../lib/libdwm.a(dw1000.o)
                              E:/Prog/Fac/TER/Decawave_DWM1001-DEV/Source_Code_DWM-Tag/src/dwm-tag/../../lib/libdwm.a(ble-server.o) (dw_rand)
E:/Prog/Fac/TER/Decawave_DWM1001-DEV/Source_Code_DWM-Tag/src/dwm-tag/../../lib/libdwm.a(dwm-math.o)
                              E:/Prog/Fac/TER/Decawave_DWM1001-DEV/Source_Code_DWM-Tag/src/dwm-tag/../../lib/libdwm.a(dw1000.o) (flog10)
E:/Prog/Fac/TER/Decawave_DWM1001-DEV/Source_Code_DWM-Tag/src/dwm-tag/../../lib/libdwm.a(dwm.o)
                              E:/Prog/Fac/TER/Decawave_DWM1001-DEV/Source_Code_DWM-Tag/src/dwm-tag/output/compiler/dwm-tag.o (dwm_thread_create)
E:/Prog/Fac/TER/Decawave_DWM1001-DEV/Source_Code_DWM-Tag/src/dwm-tag/../../lib/libdwm.a(env-tlv.o)
                              E:/Prog/Fac/TER/Decawave_DWM1001-DEV/Source_Code_DWM-Tag/src/dwm-tag/../../lib/dwm.o (env_load)
E:/Prog/Fac/TER/Decawave_DWM1001-DEV/Source_Code_DWM-Tag/src/dwm-tag/../../lib/libdwm.a(fwup.o)
                              E:/Prog/Fac/TER/Decawave_DWM1001-DEV/Source_Code_DWM-Tag/src/dwm-tag/../../lib/libdwm.a(ble-server.o) (fwup_rcvr_in_progress)
E:/Prog/Fac/TER/Decawave_DWM1001-DEV/Source_Code_DWM-Tag/src/dwm-tag/../../lib/libdwm.a(hal.o)
                              E:/Prog/Fac/TER/Decawave_DWM1001-DEV/Source_Code_DWM-Tag/src/dwm-tag/../../lib/libdwm.a(dwm.o) (hal_factory_reset)
E:/Prog/Fac/TER/Decawave_DWM1001-DEV/Source_Code_DWM-Tag/src/dwm-tag/../../lib/libdwm.a(nrf_drv_rng.o)
                              E:/Prog/Fac/TER/Decawave_DWM1001-DEV/Source_Code_DWM-Tag/src/dwm-tag/../../lib/libdwm.a(hal.o) (nrf_drv_rng_init)
E:/Prog/Fac/TER/Decawave_DWM1001-DEV/Source_Code_DWM-Tag/src/dwm-tag/../../lib/libdwm.a(pm.o)
                              E:/Prog/Fac/TER/Decawave_DWM1001-DEV/Source_Code_DWM-Tag/src/dwm-tag/../../lib/libdwm.a(ble-server.o) (pm_sched_signal)
E:/Prog/Fac/TER/Decawave_DWM1001-DEV/Source_Code_DWM-Tag/src/dwm-tag/../../lib/libdwm.a(process-api.o)
                              E:/Prog/Fac/TER/Decawave_DWM1001-DEV/Source_Code_DWM-Tag/src/dwm-tag/../../lib/dwm.o (api_thread_start)
E:/Prog/Fac/TER/Decawave_DWM1001-DEV/Source_Code_DWM-Tag/src/dwm-tag/../../lib/libdwm.a(process-ble.o)
                              E:/Prog/Fac/TER/Decawave_DWM1001-DEV/Source_Code_DWM-Tag/src/dwm-tag/../../lib/libdwm.a(ble-server.o) (ble_server_evt_put)
E:/Prog/Fac/TER/Decawave_DWM1001-DEV/Source_Code_DWM-Tag/src/dwm-tag/../../lib/libdwm.a(process-le.o)
                              E:/Prog/Fac/TER/Decawave_DWM1001-DEV/Source_Code_DWM-Tag/src/dwm-tag/../../lib/dwm.o (le_init)
E:/Prog/Fac/TER/Decawave_DWM1001-DEV/Source_Code_DWM-Tag/src/dwm-tag/../../lib/libdwm.a(process-pm.o)
                              E:/Prog/Fac/TER/Decawave_DWM1001-DEV/Source_Code_DWM-Tag/src/dwm-tag/../../lib/dwm.o (hal_pm_init)
E:/Prog/Fac/TER/Decawave_DWM1001-DEV/Source_Code_DWM-Tag/src/dwm-tag/../../lib/libdwm.a(process-svc.o)
                              E:/Prog/Fac/TER/Decawave_DWM1001-DEV/Source_Code_DWM-Tag/src/dwm-tag/../../lib/dwm.o (svc_init)
E:/Prog/Fac/TER/Decawave_DWM1001-DEV/Source_Code_DWM-Tag/src/dwm-tag/../../lib/libdwm.a(process-uwbmac.o)
                              E:/Prog/Fac/TER/Decawave_DWM1001-DEV/Source_Code_DWM-Tag/src/dwm-tag/../../lib/dwm.o (uwbmac_init)
E:/Prog/Fac/TER/Decawave_DWM1001-DEV/Source_Code_DWM-Tag/src/dwm-tag/../../lib/libdwm.a(process-uwb.o)
                              E:/Prog/Fac/TER/Decawave_DWM1001-DEV/Source_Code_DWM-Tag/src/dwm-tag/../../lib/dwm.o (uwb_init)
E:/Prog/Fac/TER/Decawave_DWM1001-DEV/Source_Code_DWM-Tag/src/dwm-tag/../../lib/libdwm.a(serial.o)
                              E:/Prog/Fac/TER/Decawave_DWM1001-DEV/Source_Code_DWM-Tag/src/dwm-tag/../../lib/dwm.o (serial_start)
E:/Prog/Fac/TER/Decawave_DWM1001-DEV/Source_Code_DWM-Tag/src/dwm-tag/../../lib/libdwm.a(shell-api.o)
                              E:/Prog/Fac/TER/Decawave_DWM1001-DEV/Source_Code_DWM-Tag/src/dwm-tag/../../lib/dwm.o (api_commands)
E:/Prog/Fac/TER/Decawave_DWM1001-DEV/Source_Code_DWM-Tag/src/dwm-tag/../../lib/libdwm.a(shell-ble.o)
                              E:/Prog/Fac/TER/Decawave_DWM1001-DEV/Source_Code_DWM-Tag/src/dwm-tag/../../lib/libdwm.a(ble-server.o) (ble_commands)
E:/Prog/Fac/TER/Decawave_DWM1001-DEV/Source_Code_DWM-Tag/src/dwm-tag/../../lib/libdwm.a(shell-crypto.o)
[...]
Memory Configuration

Name             Origin             Length             Attributes
sram             0x200035e0         0x0000ba20
flash            0x00044000         0x0003c000
*default*        0x00000000         0xffffffff

Linker script and memory map

LOAD E:/Prog/Fac/TER/Decawave_DWM1001-DEV/Source_Code_DWM-Tag/src/dwm-tag/../../lib\vectors.o
LOAD E:/Prog/Fac/TER/Decawave_DWM1001-DEV/Source_Code_DWM-Tag/src/dwm-tag/output/compiler/dwm-tag.o
LOAD E:/Prog/Fac/TER/Decawave_DWM1001-DEV/Source_Code_DWM-Tag/src/dwm-tag/../../lib/dwm.o
LOAD E:/Prog/Fac/TER/Decawave_DWM1001-DEV/Source_Code_DWM-Tag/src/dwm-tag/../../lib/libdwm.a
LOAD c:/program files (x86)/gnu tools arm embedded/5.4 2016q3/bin/../lib/gcc/arm-none-eabi/5.4.1/../../../../arm-none-eabi/lib/armv7e-m/fpu\libm.a
LOAD c:/program files (x86)/gnu tools arm embedded/5.4 2016q3/bin/../lib/gcc/arm-none-eabi/5.4.1/armv7e-m/fpu\libgcc.a
LOAD c:/program files (x86)/gnu tools arm embedded/5.4 2016q3/bin/../lib/gcc/arm-none-eabi/5.4.1/../../../../arm-none-eabi/lib/armv7e-m/fpu\libc.a
LOAD c:/program files (x86)/gnu tools arm embedded/5.4 2016q3/bin/../lib/gcc/arm-none-eabi/5.4.1/../../../../arm-none-eabi/lib/armv7e-m/fpu\libnosys.a
LOAD E:/Prog/Fac/TER/Decawave_DWM1001-DEV/Source_Code_DWM-Tag/src/dwm-tag/../../lib\extras.o
START GROUP
LOAD E:/Prog/Fac/TER/Decawave_DWM1001-DEV/Source_Code_DWM-Tag/src/dwm-tag/../../lib\libtarget.a
LOAD c:/program files (x86)/gnu tools arm embedded/5.4 2016q3/bin/../lib/gcc/arm-none-eabi/5.4.1/armv7e-m/fpu\libgcc.a
LOAD c:/program files (x86)/gnu tools arm embedded/5.4 2016q3/bin/../lib/gcc/arm-none-eabi/5.4.1/../../../../arm-none-eabi/lib/armv7e-m/fpu\libsupc++.a
END GROUP

.debug_aranges  0x00000000       0x38
 *(.debug_aranges)
 .debug_aranges
                0x00000000       0x38 E:/Prog/Fac/TER/Decawave_DWM1001-DEV/Source_Code_DWM-Tag/src/dwm-tag/output/compiler/dwm-tag.o

.debug_pubnames
 *(.debug_pubnames)

.debug_info     0x00000000      0x765
 *(.debug_info)
 .debug_info    0x00000000      0x765 E:/Prog/Fac/TER/Decawave_DWM1001-DEV/Source_Code_DWM-Tag/src/dwm-tag/output/compiler/dwm-tag.o

.debug_abbrev   0x00000000      0x1e8
 *(.debug_abbrev)
 .debug_abbrev  0x00000000      0x1e8 E:/Prog/Fac/TER/Decawave_DWM1001-DEV/Source_Code_DWM-Tag/src/dwm-tag/output/compiler/dwm-tag.o

.debug_line     0x00000000      0x2d0
 *(.debug_line)
 .debug_line    0x00000000      0x2d0 E:/Prog/Fac/TER/Decawave_DWM1001-DEV/Source_Code_DWM-Tag/src/dwm-tag/output/compiler/dwm-tag.o

.debug_frame    0x00000000     0x1880
 *(.debug_frame)
 .debug_frame   0x00000000       0xa8 E:/Prog/Fac/TER/Decawave_DWM1001-DEV/Source_Code_DWM-Tag/src/dwm-tag/output/compiler/dwm-tag.o
 .debug_frame   0x000000a8       0x30 c:/program files (x86)/gnu tools arm embedded/5.4 2016q3/bin/../lib/gcc/arm-none-eabi/5.4.1/../../../../arm-none-eabi/lib/armv7e-m/fpu\libm.a(lib_a-s_ceil.o)
 .debug_frame   0x000000d8       0x30 c:/program files (x86)/gnu tools arm embedded/5.4 2016q3/bin/../lib/gcc/arm-none-eabi/5.4.1/../../../../arm-none-eabi/lib/armv7e-m/fpu\libm.a(lib_a-s_floor.o)
 .debug_frame   0x00000108       0x58 c:/program files (x86)/gnu tools arm embedded/5.4 2016q3/bin/../lib/gcc/arm-none-eabi/5.4.1/../../../../arm-none-eabi/lib/armv7e-m/fpu\libm.a(lib_a-w_sqrt.o)
 .debug_frame   0x00000160       0x30 c:/program files (x86)/gnu tools arm embedded/5.4 2016q3/bin/../lib/gcc/arm-none-eabi/5.4.1/../../../../arm-none-eabi/lib/armv7e-m/fpu\libm.a(lib_a-e_sqrt.o)
 .debug_frame   0x00000190       0x20 c:/program files (x86)/gnu tools arm embedded/5.4 2016q3/bin/../lib/gcc/arm-none-eabi/5.4.1/../../../../arm-none-eabi/lib/armv7e-m/fpu\libm.a(lib_a-s_matherr.o)
 .debug_frame   0x000001b0       0x44 c:/program files (x86)/gnu tools arm embedded/5.4 2016q3/bin/../lib/gcc/arm-none-eabi/5.4.1/armv7e-m/fpu\libgcc.a(_aeabi_ldivmod.o)
 .debug_frame   0x000001f4       0x2c c:/program files (x86)/gnu tools arm embedded/5.4 2016q3/bin/../lib/gcc/arm-none-eabi/5.4.1/armv7e-m/fpu\libgcc.a(_aeabi_uldivmod.o)
 .debug_frame   0x00000220       0x2c c:/program files (x86)/gnu tools arm embedded/5.4 2016q3/bin/../lib/gcc/arm-none-eabi/5.4.1/armv7e-m/fpu\libgcc.a(_fixunssfdi.o)
 .debug_frame   0x0000024c       0x2c c:/program files (x86)/gnu tools arm embedded/5.4 2016q3/bin/../lib/gcc/arm-none-eabi/5.4.1/armv7e-m/fpu\libgcc.a(_fixunsdfdi.o)
 .debug_frame   0x00000278       0x34 c:/program files (x86)/gnu tools arm embedded/5.4 2016q3/bin/../lib/gcc/arm-none-eabi/5.4.1/armv7e-m/fpu\libgcc.a(_udivmoddi4.o)
 .debug_frame   0x000002ac       0x30 c:/program files (x86)/gnu tools arm embedded/5.4 2016q3/bin/../lib/gcc/arm-none-eabi/5.4.1/../../../../arm-none-eabi/lib/armv7e-m/fpu\libc.a(lib_a-atoi.o)
 .debug_frame   0x000002dc       0x20 c:/program files (x86)/gnu tools arm embedded/5.4 2016q3/bin/../lib/gcc/arm-none-eabi/5.4.1/../../../../arm-none-eabi/lib/armv7e-m/fpu\libc.a(lib_a-calloc.o)
 .debug_frame   0x000002fc       0x28 c:/program files (x86)/gnu tools arm embedded/5.4 2016q3/bin/../lib/gcc/arm-none-eabi/5.4.1/../../../../arm-none-eabi/lib/armv7e-m/fpu\libc.a(lib_a-callocr.o)
 .debug_frame   0x00000324       0x20 c:/program files (x86)/gnu tools arm embedded/5.4 2016q3/bin/../lib/gcc/arm-none-eabi/5.4.1/../../../../arm-none-eabi/lib/armv7e-m/fpu\libc.a(lib_a-errno.o)
 .debug_frame   0x00000344       0x6c c:/program files (x86)/gnu tools arm embedded/5.4 2016q3/bin/../lib/gcc/arm-none-eabi/5.4.1/../../../../arm-none-eabi/lib/armv7e-m/fpu\libc.a(lib_a-fflush.o)
 .debug_frame   0x000003b0      0x124 c:/program files (x86)/gnu tools arm embedded/5.4 2016q3/bin/../lib/gcc/arm-none-eabi/5.4.1/../../../../arm-none-eabi/lib/armv7e-m/fpu\libc.a(lib_a-findfp.o)
 .debug_frame   0x000004d4       0x74 c:/program files (x86)/gnu tools arm embedded/5.4 2016q3/bin/../lib/gcc/arm-none-eabi/5.4.1/../../../../arm-none-eabi/lib/armv7e-m/fpu\libc.a(lib_a-freer.o)
 .debug_frame   0x00000548       0x54 c:/program files (x86)/gnu tools arm embedded/5.4 2016q3/bin/../lib/gcc/arm-none-eabi/5.4.1/../../../../arm-none-eabi/lib/armv7e-m/fpu\libc.a(lib_a-fwalk.o)
 .debug_frame   0x0000059c       0x30 c:/program files (x86)/gnu tools arm embedded/5.4 2016q3/bin/../lib/gcc/arm-none-eabi/5.4.1/../../../../arm-none-eabi/lib/armv7e-m/fpu\libc.a(lib_a-malloc.o)
 .debug_frame   0x000005cc       0x58 c:/program files (x86)/gnu tools arm embedded/5.4 2016q3/bin/../lib/gcc/arm-none-eabi/5.4.1/../../../../arm-none-eabi/lib/armv7e-m/fpu\libc.a(lib_a-mallocr.o)
 .debug_frame   0x00000624       0x38 c:/program files (x86)/gnu tools arm embedded/5.4 2016q3/bin/../lib/gcc/arm-none-eabi/5.4.1/../../../../arm-none-eabi/lib/armv7e-m/fpu\libc.a(lib_a-memcmp.o)
 .debug_frame   0x0000065c       0x34 c:/program files (x86)/gnu tools arm embedded/5.4 2016q3/bin/../lib/gcc/arm-none-eabi/5.4.1/../../../../arm-none-eabi/lib/armv7e-m/fpu\libc.a(lib_a-memset.o)
 .debug_frame   0x00000690       0x30 c:/program files (x86)/gnu tools arm embedded/5.4 2016q3/bin/../lib/gcc/arm-none-eabi/5.4.1/../../../../arm-none-eabi/lib/armv7e-m/fpu\libc.a(lib_a-mlock.o)
 .debug_frame   0x000006c0       0x80 c:/program files (x86)/gnu tools arm embedded/5.4 2016q3/bin/../lib/gcc/arm-none-eabi/5.4.1/../../../../arm-none-eabi/lib/armv7e-m/fpu\libc.a(lib_a-mstats.o)
 .debug_frame   0x00000740       0x74 c:/program files (x86)/gnu tools arm embedded/5.4 2016q3/bin/../lib/gcc/arm-none-eabi/5.4.1/../../../../arm-none-eabi/lib/armv7e-m/fpu\libc.a(lib_a-printf.o)
 .debug_frame   0x000007b4       0x30 c:/program files (x86)/gnu tools arm embedded/5.4 2016q3/bin/../lib/gcc/arm-none-eabi/5.4.1/../../../../arm-none-eabi/lib/armv7e-m/fpu\libc.a(lib_a-putchar.o)
 .debug_frame   0x000007e4       0x48 c:/program files (x86)/gnu tools arm embedded/5.4 2016q3/bin/../lib/gcc/arm-none-eabi/5.4.1/../../../../arm-none-eabi/lib/armv7e-m/fpu\libc.a(lib_a-puts.o)
 .debug_frame   0x0000082c       0x20 c:/program files (x86)/gnu tools arm embedded/5.4 2016q3/bin/../lib/gcc/arm-none-eabi/5.4.1/../../../../arm-none-eabi/lib/armv7e-m/fpu\libc.a(lib_a-realloc.o)
 .debug_frame   0x0000084c       0x60 c:/program files (x86)/gnu tools arm embedded/5.4 2016q3/bin/../lib/gcc/arm-none-eabi/5.4.1/../../../../arm-none-eabi/lib/armv7e-m/fpu\libc.a(lib_a-reallocr.o)
 .debug_frame   0x000008ac       0x2c c:/program files (x86)/gnu tools arm embedded/5.4 2016q3/bin/../lib/gcc/arm-none-eabi/5.4.1/../../../../arm-none-eabi/lib/armv7e-m/fpu\libc.a(lib_a-sbrkr.o)
 .debug_frame   0x000008d8       0xd0 c:/program files (x86)/gnu tools arm embedded/5.4 2016q3/bin/../lib/gcc/arm-none-eabi/5.4.1/../../../../arm-none-eabi/lib/armv7e-m/fpu\libc.a(lib_a-snprintf.o)
 .debug_frame   0x000009a8       0x88 c:/program files (x86)/gnu tools arm embedded/5.4 2016q3/bin/../lib/gcc/arm-none-eabi/5.4.1/../../../../arm-none-eabi/lib/armv7e-m/fpu\libc.a(lib_a-stdio.o)
 .debug_frame   0x00000a30       0x28 c:/program files (x86)/gnu tools arm embedded/5.4 2016q3/bin/../lib/gcc/arm-none-eabi/5.4.1/../../../../arm-none-eabi/lib/armv7e-m/fpu\libc.a(lib_a-strcat.o)
 .debug_frame   0x00000a58       0x68 c:/program files (x86)/gnu tools arm embedded/5.4 2016q3/bin/../lib/gcc/arm-none-eabi/5.4.1/../../../../arm-none-eabi/lib/armv7e-m/fpu\libc.a(lib_a-strcmp.o)
 .debug_frame   0x00000ac0       0x20 c:/program files (x86)/gnu tools arm embedded/5.4 2016q3/bin/../lib/gcc/arm-none-eabi/5.4.1/../../../../arm-none-eabi/lib/armv7e-m/fpu\libc.a(lib_a-strcpy.o)
 .debug_frame   0x00000ae0       0x54 c:/program files (x86)/gnu tools arm embedded/5.4 2016q3/bin/../lib/gcc/arm-none-eabi/5.4.1/../../../../arm-none-eabi/lib/armv7e-m/fpu\libc.a(lib_a-strncmp.o)
 .debug_frame   0x00000b34       0x30 c:/program files (x86)/gnu tools arm embedded/5.4 2016q3/bin/../lib/gcc/arm-none-eabi/5.4.1/../../../../arm-none-eabi/lib/armv7e-m/fpu\libc.a(lib_a-strnlen.o)
 .debug_frame   0x00000b64       0x20 c:/program files (x86)/gnu tools arm embedded/5.4 2016q3/bin/../lib/gcc/arm-none-eabi/5.4.1/../../../../arm-none-eabi/lib/armv7e-m/fpu\libc.a(lib_a-strtok.o)
 .debug_frame   0x00000b84       0x48 c:/program files (x86)/gnu tools arm embedded/5.4 2016q3/bin/../lib/gcc/arm-none-eabi/5.4.1/../../../../arm-none-eabi/lib/armv7e-m/fpu\libc.a(lib_a-strtok_r.o)
 .debug_frame   0x00000bcc       0x98 c:/program files (x86)/gnu tools arm embedded/5.4 2016q3/bin/../lib/gcc/arm-none-eabi/5.4.1/../../../../arm-none-eabi/lib/armv7e-m/fpu\libc.a(lib_a-strtol.o)
 .debug_frame   0x00000c64       0x98 c:/program files (x86)/gnu tools arm embedded/5.4 2016q3/bin/../lib/gcc/arm-none-eabi/5.4.1/../../../../arm-none-eabi/lib/armv7e-m/fpu\libc.a(lib_a-strtoul.o)
 .debug_frame   0x00000cfc       0x44 c:/program files (x86)/gnu tools arm embedded/5.4 2016q3/bin/../lib/gcc/arm-none-eabi/5.4.1/../../../../arm-none-eabi/lib/armv7e-m/fpu\libc.a(lib_a-svfprintf.o)
 .debug_frame   0x00000d40       0x88 c:/program files (x86)/gnu tools arm embedded/5.4 2016q3/bin/../lib/gcc/arm-none-eabi/5.4.1/../../../../arm-none-eabi/lib/armv7e-m/fpu\libc.a(lib_a-vfprintf.o)
 .debug_frame   0x00000dc8       0x2c c:/program files (x86)/gnu tools arm embedded/5.4 2016q3/bin/../lib/gcc/arm-none-eabi/5.4.1/../../../../arm-none-eabi/lib/armv7e-m/fpu\libc.a(lib_a-writer.o)
 .debug_frame   0x00000df4       0x2c c:/program files (x86)/gnu tools arm embedded/5.4 2016q3/bin/../lib/gcc/arm-none-eabi/5.4.1/../../../../arm-none-eabi/lib/armv7e-m/fpu\libc.a(lib_a-wsetup.o)
 .debug_frame   0x00000e20       0x2c c:/program files (x86)/gnu tools arm embedded/5.4 2016q3/bin/../lib/gcc/arm-none-eabi/5.4.1/../../../../arm-none-eabi/lib/armv7e-m/fpu\libc.a(lib_a-closer.o)
 .debug_frame   0x00000e4c       0x88 c:/program files (x86)/gnu tools arm embedded/5.4 2016q3/bin/../lib/gcc/arm-none-eabi/5.4.1/../../../../arm-none-eabi/lib/armv7e-m/fpu\libc.a(lib_a-dtoa.o)
 .debug_frame   0x00000ed4       0x44 c:/program files (x86)/gnu tools arm embedded/5.4 2016q3/bin/../lib/gcc/arm-none-eabi/5.4.1/../../../../arm-none-eabi/lib/armv7e-m/fpu\libc.a(lib_a-fclose.o)
 .debug_frame   0x00000f18       0x68 c:/program files (x86)/gnu tools arm embedded/5.4 2016q3/bin/../lib/gcc/arm-none-eabi/5.4.1/../../../../arm-none-eabi/lib/armv7e-m/fpu\libc.a(lib_a-fvwrite.o)
 .debug_frame   0x00000f80       0x84 c:/program files (x86)/gnu tools arm embedded/5.4 2016q3/bin/../lib/gcc/arm-none-eabi/5.4.1/../../../../arm-none-eabi/lib/armv7e-m/fpu\libc.a(lib_a-locale.o)
 .debug_frame   0x00001004       0x40 c:/program files (x86)/gnu tools arm embedded/5.4 2016q3/bin/../lib/gcc/arm-none-eabi/5.4.1/../../../../arm-none-eabi/lib/armv7e-m/fpu\libc.a(lib_a-localeconv.o)
 .debug_frame   0x00001044       0x2c c:/program files (x86)/gnu tools arm embedded/5.4 2016q3/bin/../lib/gcc/arm-none-eabi/5.4.1/../../../../arm-none-eabi/lib/armv7e-m/fpu\libc.a(lib_a-lseekr.o)
 .debug_frame   0x00001070       0x68 c:/program files (x86)/gnu tools arm embedded/5.4 2016q3/bin/../lib/gcc/arm-none-eabi/5.4.1/../../../../arm-none-eabi/lib/armv7e-m/fpu\libc.a(lib_a-makebuf.o)
 .debug_frame   0x000010d8       0x50 c:/program files (x86)/gnu tools arm embedded/5.4 2016q3/bin/../lib/gcc/arm-none-eabi/5.4.1/../../../../arm-none-eabi/lib/armv7e-m/fpu\libc.a(lib_a-mallinfor.o)
 .debug_frame   0x00001128       0x4c c:/program files (x86)/gnu tools arm embedded/5.4 2016q3/bin/../lib/gcc/arm-none-eabi/5.4.1/../../../../arm-none-eabi/lib/armv7e-m/fpu\libc.a(lib_a-mbtowc_r.o)
 .debug_frame   0x00001174       0x30 c:/program files (x86)/gnu tools arm embedded/5.4 2016q3/bin/../lib/gcc/arm-none-eabi/5.4.1/../../../../arm-none-eabi/lib/armv7e-m/fpu\libc.a(lib_a-memmove.o)
 .debug_frame   0x000011a4      0x264 c:/program files (x86)/gnu tools arm embedded/5.4 2016q3/bin/../lib/gcc/arm-none-eabi/5.4.1/../../../../arm-none-eabi/lib/armv7e-m/fpu\libc.a(lib_a-mprec.o)
 .debug_frame   0x00001408       0x58 c:/program files (x86)/gnu tools arm embedded/5.4 2016q3/bin/../lib/gcc/arm-none-eabi/5.4.1/../../../../arm-none-eabi/lib/armv7e-m/fpu\libc.a(lib_a-putc.o)
 .debug_frame   0x00001460       0x2c c:/program files (x86)/gnu tools arm embedded/5.4 2016q3/bin/../lib/gcc/arm-none-eabi/5.4.1/../../../../arm-none-eabi/lib/armv7e-m/fpu\libc.a(lib_a-readr.o)
 .debug_frame   0x0000148c       0x58 c:/program files (x86)/gnu tools arm embedded/5.4 2016q3/bin/../lib/gcc/arm-none-eabi/5.4.1/../../../../arm-none-eabi/lib/armv7e-m/fpu\libc.a(lib_a-reent.o)
 .debug_frame   0x000014e4       0x78 c:/program files (x86)/gnu tools arm embedded/5.4 2016q3/bin/../lib/gcc/arm-none-eabi/5.4.1/../../../../arm-none-eabi/lib/armv7e-m/fpu\libc.a(lib_a-svfiprintf.o)
 .debug_frame   0x0000155c       0xc8 c:/program files (x86)/gnu tools arm embedded/5.4 2016q3/bin/../lib/gcc/arm-none-eabi/5.4.1/../../../../arm-none-eabi/lib/armv7e-m/fpu\libc.a(lib_a-vfiprintf.o)
 .debug_frame   0x00001624       0x40 c:/program files (x86)/gnu tools arm embedded/5.4 2016q3/bin/../lib/gcc/arm-none-eabi/5.4.1/../../../../arm-none-eabi/lib/armv7e-m/fpu\libc.a(lib_a-wbuf.o)
 .debug_frame   0x00001664       0x3c c:/program files (x86)/gnu tools arm embedded/5.4 2016q3/bin/../lib/gcc/arm-none-eabi/5.4.1/../../../../arm-none-eabi/lib/armv7e-m/fpu\libc.a(lib_a-wctomb_r.o)
 .debug_frame   0x000016a0       0x8c c:/program files (x86)/gnu tools arm embedded/5.4 2016q3/bin/../lib/gcc/arm-none-eabi/5.4.1/../../../../arm-none-eabi/lib/armv7e-m/fpu\libc.a(lib_a-fputwc.o)
 .debug_frame   0x0000172c       0x2c c:/program files (x86)/gnu tools arm embedded/5.4 2016q3/bin/../lib/gcc/arm-none-eabi/5.4.1/../../../../arm-none-eabi/lib/armv7e-m/fpu\libc.a(lib_a-fstatr.o)
 .debug_frame   0x00001758       0x2c c:/program files (x86)/gnu tools arm embedded/5.4 2016q3/bin/../lib/gcc/arm-none-eabi/5.4.1/../../../../arm-none-eabi/lib/armv7e-m/fpu\libc.a(lib_a-isattyr.o)
 .debug_frame   0x00001784       0x5c c:/program files (x86)/gnu tools arm embedded/5.4 2016q3/bin/../lib/gcc/arm-none-eabi/5.4.1/../../../../arm-none-eabi/lib/armv7e-m/fpu\libc.a(lib_a-wcrtomb.o)
 .debug_frame   0x000017e0       0x20 c:/program files (x86)/gnu tools arm embedded/5.4 2016q3/bin/../lib/gcc/arm-none-eabi/5.4.1/../../../../arm-none-eabi/lib/armv7e-m/fpu\libnosys.a(close.o)
 .debug_frame   0x00001800       0x20 c:/program files (x86)/gnu tools arm embedded/5.4 2016q3/bin/../lib/gcc/arm-none-eabi/5.4.1/../../../../arm-none-eabi/lib/armv7e-m/fpu\libnosys.a(fstat.o)
 .debug_frame   0x00001820       0x20 c:/program files (x86)/gnu tools arm embedded/5.4 2016q3/bin/../lib/gcc/arm-none-eabi/5.4.1/../../../../arm-none-eabi/lib/armv7e-m/fpu\libnosys.a(isatty.o)
 .debug_frame   0x00001840       0x20 c:/program files (x86)/gnu tools arm embedded/5.4 2016q3/bin/../lib/gcc/arm-none-eabi/5.4.1/../../../../arm-none-eabi/lib/armv7e-m/fpu\libnosys.a(lseek.o)
 .debug_frame   0x00001860       0x20 c:/program files (x86)/gnu tools arm embedded/5.4 2016q3/bin/../lib/gcc/arm-none-eabi/5.4.1/../../../../arm-none-eabi/lib/armv7e-m/fpu\libsupc++.a(atexit_arm.o)

.debug_str      0x00000000      0x5a1
 *(.debug_str)
 .debug_str     0x00000000      0x5a1 E:/Prog/Fac/TER/Decawave_DWM1001-DEV/Source_Code_DWM-Tag/src/dwm-tag/output/compiler/dwm-tag.o
                                0x61a (size before relaxing)

.debug_loc
 *(.debug_loc)

.debug_macinfo
 *(.debug_macinfo)

.note.arm.ident
 *(.note.arm.ident)

/DISCARD/
 *(.fini_array*)

.rom_vectors    0x00044000        0x8
                0x00044000                __rom_vectors_vma = ABSOLUTE (.)
                0x00044000                . = .
 *(.vectors)
 .vectors       0x00044000        0x8 E:/Prog/Fac/TER/Decawave_DWM1001-DEV/Source_Code_DWM-Tag/src/dwm-tag/../../lib\vectors.o
                0x00044000                __rom_vectors_lma = LOADADDR (.rom_vectors)

.rel.text
 *(.rel.text)
 *(.rel.text.*)
 *(.rel.gnu.linkonce.t*)

.rela.text
 *(.rela.text)
 *(.rela.text.*)
 *(.rela.gnu.linkonce.t*)

.rel.data
 *(.rel.data)
 *(.rel.data.*)
 *(.rel.gnu.linkonce.d*)

.rela.data
 *(.rela.data)
 *(.rela.data.*)
 *(.rela.gnu.linkonce.d*)

.rel.rodata
 *(.rel.rodata)
 *(.rel.rodata.*)
 *(.rel.gnu.linkonce.r*)

.rela.rodata
 *(.rela.rodata)
 *(.rela.rodata.*)
 *(.rela.gnu.linkonce.r*)

.rel.got
 *(.rel.got)

.rela.got
 *(.rela.got)

.rel.ctors
 *(.rel.ctors)

.rela.ctors
 *(.rela.ctors)

.rel.dtors
 *(.rel.dtors)

.rela.dtors
 *(.rela.dtors)

.rel.init
 *(.rel.init)

.rela.init
 *(.rela.init)

.rel.fini
 *(.rel.fini)

.rela.fini
 *(.rela.fini)

.rel.bss
 *(.rel.bss)

.rela.bss
 *(.rela.bss)

.rel.plt
 *(.rel.plt)

.rela.plt
 *(.rela.plt)

.rel.dyn        0x00044008        0x0
 *(.rel.dyn)
 .rel.iplt      0x00044008        0x0 E:/Prog/Fac/TER/Decawave_DWM1001-DEV/Source_Code_DWM-Tag/src/dwm-tag/../../lib\vectors.o

.ARM.extab      0x00044008        0x0
                [!provide]                PROVIDE (__stext, ABSOLUTE (.))
                0x00044008                _stext = ABSOLUTE (.)
                0x00044008                . = .
 *(.ARM.extab* .gnu.linkonce.armextab.*)
                0x00044008                . = ALIGN (0x8)
                0x00044008                __exidx_start = ABSOLUTE (.)

.ARM.exidx      0x00044008        0x8
 *(.ARM.exidx* .gnu.linkonce.armexidx.*)
 .ARM.exidx     0x00044008        0x8 c:/program files (x86)/gnu tools arm embedded/5.4 2016q3/bin/../lib/gcc/arm-none-eabi/5.4.1/armv7e-m/fpu\libgcc.a(_udivmoddi4.o)
 .ARM.exidx.text.__aeabi_atexit
                0x00044010        0x0 c:/program files (x86)/gnu tools arm embedded/5.4 2016q3/bin/../lib/gcc/arm-none-eabi/5.4.1/../../../../arm-none-eabi/lib/armv7e-m/fpu\libsupc++.a(atexit_arm.o)
                                  0x8 (size before relaxing)
                0x00044010                . = .
                0x00044010                __exidx_end = ABSOLUTE (.)

.text           0x00044010    0x2d1d8
 *(.text*)
 .text          0x00044010       0xec E:/Prog/Fac/TER/Decawave_DWM1001-DEV/Source_Code_DWM-Tag/src/dwm-tag/../../lib\vectors.o
                0x00044010                reset_vector
                0x0004401c                hal_switch_state_vsr
                0x0004403c                hal_default_exception_vsr
                0x0004406e                hal_default_interrupt_vsr
                0x00044082                hal_pendable_svc_vsr
                0x000440a8                hal_interrupt_end_done
                0x000440ac                hal_interrupt_end_vsr
                0x000440ba                hal_call_dsrs_vsr
                0x000440be                hal_default_svc_vsr
                0x000440cc                hal_usagefault_exception_vsr
                0x000440f4                hal_boot_jump_asm
 .text.string_to_uint_array
                0x000440fc       0x3c E:/Prog/Fac/TER/Decawave_DWM1001-DEV/Source_Code_DWM-Tag/src/dwm-tag/output/compiler/dwm-tag.o
                0x000440fc                string_to_uint_array
 .text.on_dwm_evt
                0x00044138      0x300 E:/Prog/Fac/TER/Decawave_DWM1001-DEV/Source_Code_DWM-Tag/src/dwm-tag/output/compiler/dwm-tag.o
                0x00044138                on_dwm_evt
 .text.app_thread_entry
                0x00044438      0x1a8 E:/Prog/Fac/TER/Decawave_DWM1001-DEV/Source_Code_DWM-Tag/src/dwm-tag/output/compiler/dwm-tag.o
                0x00044438                app_thread_entry
 .text.dwm_user_start
                0x000445e0       0x5c E:/Prog/Fac/TER/Decawave_DWM1001-DEV/Source_Code_DWM-Tag/src/dwm-tag/output/compiler/dwm-tag.o
                0x000445e0                dwm_user_start
 .text.user_thread_create
                0x0004463c       0x84 E:/Prog/Fac/TER/Decawave_DWM1001-DEV/Source_Code_DWM-Tag/src/dwm-tag/../../lib/dwm.o
                0x0004463c                user_thread_create
 .text.user_thread_resume
                0x000446c0       0x38 E:/Prog/Fac/TER/Decawave_DWM1001-DEV/Source_Code_DWM-Tag/src/dwm-tag/../../lib/dwm.o
                0x000446c0                user_thread_resume
 .text.dwm_shell_add_commands
                0x000446f8       0x6c E:/Prog/Fac/TER/Decawave_DWM1001-DEV/Source_Code_DWM-Tag/src/dwm-tag/../../lib/dwm.o
                0x000446f8                dwm_shell_add_commands
 .text.cyg_user_start
                0x00044764      0x13c E:/Prog/Fac/TER/Decawave_DWM1001-DEV/Source_Code_DWM-Tag/src/dwm-tag/../../lib/dwm.o
                0x00044764                cyg_user_start
 .text.sd_ble_gap_addr_set
                0x000448a0        0x4 E:/Prog/Fac/TER/Decawave_DWM1001-DEV/Source_Code_DWM-Tag/src/dwm-tag/../../lib/libdwm.a(ble-server.o)
 .text.sd_ble_gap_addr_get
                0x000448a4        0x4 E:/Prog/Fac/TER/Decawave_DWM1001-DEV/Source_Code_DWM-Tag/src/dwm-tag/../../lib/libdwm.a(ble-server.o)
 .text.sd_ble_gap_disconnect
                0x000448a8        0x4 E:/Prog/Fac/TER/Decawave_DWM1001-DEV/Source_Code_DWM-Tag/src/dwm-tag/../../lib/libdwm.a(ble-server.o)
 .text.sd_ble_gap_device_name_set
                0x000448ac        0x4 E:/Prog/Fac/TER/Decawave_DWM1001-DEV/Source_Code_DWM-Tag/src/dwm-tag/../../lib/libdwm.a(ble-server.o)
 .text.sd_ble_gatts_service_add
                0x000448b0        0x4 E:/Prog/Fac/TER/Decawave_DWM1001-DEV/Source_Code_DWM-Tag/src/dwm-tag/../../lib/libdwm.a(ble-server.o)
 .text.sd_ble_gatts_characteristic_add
                0x000448b4        0x4 E:/Prog/Fac/TER/Decawave_DWM1001-DEV/Source_Code_DWM-Tag/src/dwm-tag/../../lib/libdwm.a(ble-server.o)
 .text.sd_ble_gatts_value_set
                0x000448b8        0x4 E:/Prog/Fac/TER/Decawave_DWM1001-DEV/Source_Code_DWM-Tag/src/dwm-tag/../../lib/libdwm.a(ble-server.o)
 .text.sd_ble_gatts_value_get
                0x000448bc        0x4 E:/Prog/Fac/TER/Decawave_DWM1001-DEV/Source_Code_DWM-Tag/src/dwm-tag/../../lib/libdwm.a(ble-server.o)
 .text.sd_ble_gatts_hvx
                0x000448c0        0x4 E:/Prog/Fac/TER/Decawave_DWM1001-DEV/Source_Code_DWM-Tag/src/dwm-tag/../../lib/libdwm.a(ble-server.o)
 .text.sd_ble_gatts_exchange_mtu_reply
                0x000448c4        0x4 E:/Prog/Fac/TER/Decawave_DWM1001-DEV/Source_Code_DWM-Tag/src/dwm-tag/../../lib/libdwm.a(ble-server.o)
 .text.sd_ble_tx_packet_count_get
                0x000448c8        0x4 E:/Prog/Fac/TER/Decawave_DWM1001-DEV/Source_Code_DWM-Tag/src/dwm-tag/../../lib/libdwm.a(ble-server.o)
 .text.sd_ble_uuid_vs_add
                0x000448cc        0x4 E:/Prog/Fac/TER/Decawave_DWM1001-DEV/Source_Code_DWM-Tag/src/dwm-tag/../../lib/libdwm.a(ble-server.o)
 .text.NVIC_SystemReset
                0x000448d0       0x24 E:/Prog/Fac/TER/Decawave_DWM1001-DEV/Source_Code_DWM-Tag/src/dwm-tag/../../lib/libdwm.a(ble-server.o)
 .text.sd_clock_hfclk_release
                0x000448f4        0x4 E:/Prog/Fac/TER/Decawave_DWM1001-DEV/Source_Code_DWM-Tag/src/dwm-tag/../../lib/libdwm.a(ble-server.o)
 .text.sd_clock_hfclk_is_running
                0x000448f8        0x4 E:/Prog/Fac/TER/Decawave_DWM1001-DEV/Source_Code_DWM-Tag/src/dwm-tag/../../lib/libdwm.a(ble-server.o)
 .text.sd_softdevice_disable
                0x000448fc        0x4 E:/Prog/Fac/TER/Decawave_DWM1001-DEV/Source_Code_DWM-Tag/src/dwm-tag/../../lib/libdwm.a(ble-server.o)
 .text.conn_params_error_handler
                0x00044900        0x2 E:/Prog/Fac/TER/Decawave_DWM1001-DEV/Source_Code_DWM-Tag/src/dwm-tag/../../lib/libdwm.a(ble-server.o)
 *fill*         0x00044902        0x2 
 .text.opt_flag_set
                0x00044904       0x18 E:/Prog/Fac/TER/Decawave_DWM1001-DEV/Source_Code_DWM-Tag/src/dwm-tag/../../lib/libdwm.a(ble-server.o)
 .text.opt_flag_clear
                0x0004491c       0x18 E:/Prog/Fac/TER/Decawave_DWM1001-DEV/Source_Code_DWM-Tag/src/dwm-tag/../../lib/libdwm.a(ble-server.o)
 .text.ch_read  0x00044934       0x24 E:/Prog/Fac/TER/Decawave_DWM1001-DEV/Source_Code_DWM-Tag/src/dwm-tag/../../lib/libdwm.a(ble-server.o)
 .text.ch_write
                0x00044958       0x16 E:/Prog/Fac/TER/Decawave_DWM1001-DEV/Source_Code_DWM-Tag/src/dwm-tag/../../lib/libdwm.a(ble-server.o)
 *fill*         0x0004496e        0x2 
 .text._ble_mac_stat_set
                0x00044970       0x40 E:/Prog/Fac/TER/Decawave_DWM1001-DEV/Source_Code_DWM-Tag/src/dwm-tag/../../lib/libdwm.a(ble-server.o)
 .text.advertising_counter_inc
                0x000449b0       0x30 E:/Prog/Fac/TER/Decawave_DWM1001-DEV/Source_Code_DWM-Tag/src/dwm-tag/../../lib/libdwm.a(ble-server.o)
 .text._ble_pan_id_set
                0x000449e0       0x38 E:/Prog/Fac/TER/Decawave_DWM1001-DEV/Source_Code_DWM-Tag/src/dwm-tag/../../lib/libdwm.a(ble-server.o)
 .text.ble_pm_suspend
                0x00044a18       0x38 E:/Prog/Fac/TER/Decawave_DWM1001-DEV/Source_Code_DWM-Tag/src/dwm-tag/../../lib/libdwm.a(ble-server.o)
 .text.on_advertising_evt
                0x00044a50        0x8 E:/Prog/Fac/TER/Decawave_DWM1001-DEV/Source_Code_DWM-Tag/src/dwm-tag/../../lib/libdwm.a(ble-server.o)
 .text._ble_addr_set
                0x00044a58       0x18 E:/Prog/Fac/TER/Decawave_DWM1001-DEV/Source_Code_DWM-Tag/src/dwm-tag/../../lib/libdwm.a(ble-server.o)
 .text._add_shell_cmds
                0x00044a70       0x10 E:/Prog/Fac/TER/Decawave_DWM1001-DEV/Source_Code_DWM-Tag/src/dwm-tag/../../lib/libdwm.a(ble-server.o)
 .text.uwbmac_cb
                0x00044a80       0xc8 E:/Prog/Fac/TER/Decawave_DWM1001-DEV/Source_Code_DWM-Tag/src/dwm-tag/../../lib/libdwm.a(ble-server.o)
 .text.ch_notify
                0x00044b48       0x44 E:/Prog/Fac/TER/Decawave_DWM1001-DEV/Source_Code_DWM-Tag/src/dwm-tag/../../lib/libdwm.a(ble-server.o)
 .text.fwup_resp_notify
                0x00044b8c       0x50 E:/Prog/Fac/TER/Decawave_DWM1001-DEV/Source_Code_DWM-Tag/src/dwm-tag/../../lib/libdwm.a(ble-server.o)
 .text.encode_dist.part.1
                0x00044bdc       0x62 E:/Prog/Fac/TER/Decawave_DWM1001-DEV/Source_Code_DWM-Tag/src/dwm-tag/../../lib/libdwm.a(ble-server.o)
 *fill*         0x00044c3e        0x2 
 .text._ble_proxy_set
                0x00044c40       0x90 E:/Prog/Fac/TER/Decawave_DWM1001-DEV/Source_Code_DWM-Tag/src/dwm-tag/../../lib/libdwm.a(ble-server.o)
                0x00044c40                _ble_proxy_set
 .text._ble_label_set
                0x00044cd0       0x30 E:/Prog/Fac/TER/Decawave_DWM1001-DEV/Source_Code_DWM-Tag/src/dwm-tag/../../lib/libdwm.a(ble-server.o)
                0x00044cd0                _ble_label_set
 .text._ble_ur_set
                0x00044d00       0x50 E:/Prog/Fac/TER/Decawave_DWM1001-DEV/Source_Code_DWM-Tag/src/dwm-tag/../../lib/libdwm.a(ble-server.o)
 .text.on_conn_params_evt
                0x00044d50       0x68 E:/Prog/Fac/TER/Decawave_DWM1001-DEV/Source_Code_DWM-Tag/src/dwm-tag/../../lib/libdwm.a(ble-server.o)
 .text._ble_an_list_set
                0x00044db8       0x58 E:/Prog/Fac/TER/Decawave_DWM1001-DEV/Source_Code_DWM-Tag/src/dwm-tag/../../lib/libdwm.a(ble-server.o)
 .text._ble_mac_cl_info_set
                0x00044e10       0x48 E:/Prog/Fac/TER/Decawave_DWM1001-DEV/Source_Code_DWM-Tag/src/dwm-tag/../../lib/libdwm.a(ble-server.o)
 .text._ble_addr_get
                0x00044e58       0x48 E:/Prog/Fac/TER/Decawave_DWM1001-DEV/Source_Code_DWM-Tag/src/dwm-tag/../../lib/libdwm.a(ble-server.o)
 .text._ble_stop
                0x00044ea0       0x20 E:/Prog/Fac/TER/Decawave_DWM1001-DEV/Source_Code_DWM-Tag/src/dwm-tag/../../lib/libdwm.a(ble-server.o)
 .text.ble_register_wakeup_button
                0x00044ec0       0x28 E:/Prog/Fac/TER/Decawave_DWM1001-DEV/Source_Code_DWM-Tag/src/dwm-tag/../../lib/libdwm.a(ble-server.o)
 .text._ble_start
                0x00044ee8       0x4a E:/Prog/Fac/TER/Decawave_DWM1001-DEV/Source_Code_DWM-Tag/src/dwm-tag/../../lib/libdwm.a(ble-server.o)
 .text.ch_uuid_vs_add.isra.22
                0x00044f32       0xee E:/Prog/Fac/TER/Decawave_DWM1001-DEV/Source_Code_DWM-Tag/src/dwm-tag/../../lib/libdwm.a(ble-server.o)
 .text.on_advertising_error
                0x00045020        0x2 E:/Prog/Fac/TER/Decawave_DWM1001-DEV/Source_Code_DWM-Tag/src/dwm-tag/../../lib/libdwm.a(ble-server.o)
 .text.gpio_ble_wakeup_intr
                0x00045022       0x1e E:/Prog/Fac/TER/Decawave_DWM1001-DEV/Source_Code_DWM-Tag/src/dwm-tag/../../lib/libdwm.a(ble-server.o)
 .text.ble_uuid128_service_get
                0x00045040        0x8 E:/Prog/Fac/TER/Decawave_DWM1001-DEV/Source_Code_DWM-Tag/src/dwm-tag/../../lib/libdwm.a(ble-server.o)
                0x00045040                ble_uuid128_service_get
 .text.ble_adv_is_enabled
                0x00045048        0xc E:/Prog/Fac/TER/Decawave_DWM1001-DEV/Source_Code_DWM-Tag/src/dwm-tag/../../lib/libdwm.a(ble-server.o)
                0x00045048                ble_adv_is_enabled
 .text.ble_add_shell_cmds
                0x00045054       0x10 E:/Prog/Fac/TER/Decawave_DWM1001-DEV/Source_Code_DWM-Tag/src/dwm-tag/../../lib/libdwm.a(ble-server.o)
                0x00045054                ble_add_shell_cmds
 .text.ble_start
                0x00045064       0x10 E:/Prog/Fac/TER/Decawave_DWM1001-DEV/Source_Code_DWM-Tag/src/dwm-tag/../../lib/libdwm.a(ble-server.o)
                0x00045064                ble_start
 .text.ble_stop
                0x00045074       0x10 E:/Prog/Fac/TER/Decawave_DWM1001-DEV/Source_Code_DWM-Tag/src/dwm-tag/../../lib/libdwm.a(ble-server.o)
                0x00045074                ble_stop
 .text.ble_req_stop
                0x00045084       0x10 E:/Prog/Fac/TER/Decawave_DWM1001-DEV/Source_Code_DWM-Tag/src/dwm-tag/../../lib/libdwm.a(ble-server.o)
                0x00045084                ble_req_stop
 .text.ble_stop_is_needed
                0x00045094        0xc E:/Prog/Fac/TER/Decawave_DWM1001-DEV/Source_Code_DWM-Tag/src/dwm-tag/../../lib/libdwm.a(ble-server.o)
                0x00045094                ble_stop_is_needed
 .text.ble_autosuspend_disable
                0x000450a0        0xc E:/Prog/Fac/TER/Decawave_DWM1001-DEV/Source_Code_DWM-Tag/src/dwm-tag/../../lib/libdwm.a(ble-server.o)
                0x000450a0                ble_autosuspend_disable
 .text.ble_autosuspend_enable
                0x000450ac        0xc E:/Prog/Fac/TER/Decawave_DWM1001-DEV/Source_Code_DWM-Tag/src/dwm-tag/../../lib/libdwm.a(ble-server.o)
                0x000450ac                ble_autosuspend_enable
 .text.ble_pos_dist_set
                0x000450b8      0x15c E:/Prog/Fac/TER/Decawave_DWM1001-DEV/Source_Code_DWM-Tag/src/dwm-tag/../../lib/libdwm.a(ble-server.o)
                0x000450b8                ble_pos_dist_set
 .text.ble_label_set
                0x00045214       0x10 E:/Prog/Fac/TER/Decawave_DWM1001-DEV/Source_Code_DWM-Tag/src/dwm-tag/../../lib/libdwm.a(ble-server.o)
                0x00045214                ble_label_set
 .text.ble_ur_set
                0x00045224       0x10 E:/Prog/Fac/TER/Decawave_DWM1001-DEV/Source_Code_DWM-Tag/src/dwm-tag/../../lib/libdwm.a(ble-server.o)
                0x00045224                ble_ur_set
 .text.ble_pan_id_set
                0x00045234       0x10 E:/Prog/Fac/TER/Decawave_DWM1001-DEV/Source_Code_DWM-Tag/src/dwm-tag/../../lib/libdwm.a(ble-server.o)
                0x00045234                ble_pan_id_set
 .text.ble_addr_set
                0x00045244       0x14 E:/Prog/Fac/TER/Decawave_DWM1001-DEV/Source_Code_DWM-Tag/src/dwm-tag/../../lib/libdwm.a(ble-server.o)
                0x00045244                ble_addr_set
 .text.ble_addr_get
                0x00045258       0x14 E:/Prog/Fac/TER/Decawave_DWM1001-DEV/Source_Code_DWM-Tag/src/dwm-tag/../../lib/libdwm.a(ble-server.o)
                0x00045258                ble_addr_get
 .text._ble_sys_info
                0x0004526c       0x90 E:/Prog/Fac/TER/Decawave_DWM1001-DEV/Source_Code_DWM-Tag/src/dwm-tag/../../lib/libdwm.a(ble-server.o)
 .text.ble_an_list_set
                0x000452fc       0x10 E:/Prog/Fac/TER/Decawave_DWM1001-DEV/Source_Code_DWM-Tag/src/dwm-tag/../../lib/libdwm.a(ble-server.o)
                0x000452fc                ble_an_list_set
 .text.ble_mac_cl_info_set
                0x0004530c       0x10 E:/Prog/Fac/TER/Decawave_DWM1001-DEV/Source_Code_DWM-Tag/src/dwm-tag/../../lib/libdwm.a(ble-server.o)
                0x0004530c                ble_mac_cl_info_set
 .text.ble_mac_stat_set
                0x0004531c       0x10 E:/Prog/Fac/TER/Decawave_DWM1001-DEV/Source_Code_DWM-Tag/src/dwm-tag/../../lib/libdwm.a(ble-server.o)
                0x0004531c                ble_mac_stat_set
 .text.ble_proxy_set
                0x0004532c       0x14 E:/Prog/Fac/TER/Decawave_DWM1001-DEV/Source_Code_DWM-Tag/src/dwm-tag/../../lib/libdwm.a(ble-server.o)
                0x0004532c                ble_proxy_set
 .text.ble_advertising_enable
                0x00045340       0x60 E:/Prog/Fac/TER/Decawave_DWM1001-DEV/Source_Code_DWM-Tag/src/dwm-tag/../../lib/libdwm.a(ble-server.o)
                0x00045340                ble_advertising_enable
 .text.ble_server_on_ble_evt
                0x000453a0      0x9a4 E:/Prog/Fac/TER/Decawave_DWM1001-DEV/Source_Code_DWM-Tag/src/dwm-tag/../../lib/libdwm.a(ble-server.o)
                0x000453a0                ble_server_on_ble_evt
 .text.ble_sys_info
                0x00045d44       0x10 E:/Prog/Fac/TER/Decawave_DWM1001-DEV/Source_Code_DWM-Tag/src/dwm-tag/../../lib/libdwm.a(ble-server.o)
                0x00045d44                ble_sys_info
 .text.ble_compile
                0x00045d54       0xc0 E:/Prog/Fac/TER/Decawave_DWM1001-DEV/Source_Code_DWM-Tag/src/dwm-tag/../../lib/libdwm.a(ble-server.o)
                0x00045d54                ble_compile
 .text.ble_server_init
                0x00045e14      0x690 E:/Prog/Fac/TER/Decawave_DWM1001-DEV/Source_Code_DWM-Tag/src/dwm-tag/../../lib/libdwm.a(ble-server.o)
                0x00045e14                ble_server_init
 .text.ble_server_uninit
                0x000464a4       0x2c E:/Prog/Fac/TER/Decawave_DWM1001-DEV/Source_Code_DWM-Tag/src/dwm-tag/../../lib/libdwm.a(ble-server.o)
                0x000464a4                ble_server_uninit
 .text.ble_srv_is_notification_enabled
                0x000464d0        0x8 E:/Prog/Fac/TER/Decawave_DWM1001-DEV/Source_Code_DWM-Tag/src/dwm-tag/../../lib/libdwm.a(ble_srv_common.o)
                0x000464d0                ble_srv_is_notification_enabled
 .text.dw_usec_to_devt
                0x000464d8       0x20 E:/Prog/Fac/TER/Decawave_DWM1001-DEV/Source_Code_DWM-Tag/src/dwm-tag/../../lib/libdwm.a(dw1000.o)
                0x000464d8                dw_usec_to_devt
 .text.dw_read_sys_time
                0x000464f8       0x40 E:/Prog/Fac/TER/Decawave_DWM1001-DEV/Source_Code_DWM-Tag/src/dwm-tag/../../lib/libdwm.a(dw1000.o)
                0x000464f8                dw_read_sys_time
 .text.dw_rand  0x00046538       0x18 E:/Prog/Fac/TER/Decawave_DWM1001-DEV/Source_Code_DWM-Tag/src/dwm-tag/../../lib/libdwm.a(dw1000.o)
                0x00046538                dw_rand
 .text.dw_near_timeout
                0x00046550       0x50 E:/Prog/Fac/TER/Decawave_DWM1001-DEV/Source_Code_DWM-Tag/src/dwm-tag/../../lib/libdwm.a(dw1000.o)
                0x00046550                dw_near_timeout
 .text.dw_tx_reset
                0x000465a0       0x3a E:/Prog/Fac/TER/Decawave_DWM1001-DEV/Source_Code_DWM-Tag/src/dwm-tag/../../lib/libdwm.a(dw1000.o)
                0x000465a0                dw_tx_reset
 .text.dw_buf_write
                0x000465da       0xd4 E:/Prog/Fac/TER/Decawave_DWM1001-DEV/Source_Code_DWM-Tag/src/dwm-tag/../../lib/libdwm.a(dw1000.o)
                0x000465da                dw_buf_write
 .text.dw_buf_start
                0x000466ae       0x90 E:/Prog/Fac/TER/Decawave_DWM1001-DEV/Source_Code_DWM-Tag/src/dwm-tag/../../lib/libdwm.a(dw1000.o)
                0x000466ae                dw_buf_start
 .text.dw_buf_await_send
                0x0004673e       0x54 E:/Prog/Fac/TER/Decawave_DWM1001-DEV/Source_Code_DWM-Tag/src/dwm-tag/../../lib/libdwm.a(dw1000.o)
                0x0004673e                dw_buf_await_send
 .text.dw_buf_send
                0x00046792       0x1e E:/Prog/Fac/TER/Decawave_DWM1001-DEV/Source_Code_DWM-Tag/src/dwm-tag/../../lib/libdwm.a(dw1000.o)
                0x00046792                dw_buf_send
 .text.dw_rx_on
                0x000467b0       0x20 E:/Prog/Fac/TER/Decawave_DWM1001-DEV/Source_Code_DWM-Tag/src/dwm-tag/../../lib/libdwm.a(dw1000.o)
                0x000467b0                dw_rx_on
 .text.dw_rxto_on
                0x000467d0       0x40 E:/Prog/Fac/TER/Decawave_DWM1001-DEV/Source_Code_DWM-Tag/src/dwm-tag/../../lib/libdwm.a(dw1000.o)
                0x000467d0                dw_rxto_on
 .text.dw_get_preamble_len
                0x00046810       0x18 E:/Prog/Fac/TER/Decawave_DWM1001-DEV/Source_Code_DWM-Tag/src/dwm-tag/../../lib/libdwm.a(dw1000.o)
                0x00046810                dw_get_preamble_len
 .text.dw_get_frame_len
                0x00046828      0x124 E:/Prog/Fac/TER/Decawave_DWM1001-DEV/Source_Code_DWM-Tag/src/dwm-tag/../../lib/libdwm.a(dw1000.o)
                0x00046828                dw_get_frame_len
 *fill*         0x0004694c        0x4 
 .text.dw_get_qf
                0x00046950      0x16c E:/Prog/Fac/TER/Decawave_DWM1001-DEV/Source_Code_DWM-Tag/src/dwm-tag/../../lib/libdwm.a(dw1000.o)
                0x00046950                dw_get_qf
 *fill*         0x00046abc        0x4 
 .text.dw_get_rssi
                0x00046ac0       0xb8 E:/Prog/Fac/TER/Decawave_DWM1001-DEV/Source_Code_DWM-Tag/src/dwm-tag/../../lib/libdwm.a(dw1000.o)
                0x00046ac0                dw_get_rssi
 .text.dw_set_ch_cfg
                0x00046b78        0xa E:/Prog/Fac/TER/Decawave_DWM1001-DEV/Source_Code_DWM-Tag/src/dwm-tag/../../lib/libdwm.a(dw1000.o)
                0x00046b78                dw_set_ch_cfg
 .text.dw_set_tx_cfg
                0x00046b82       0x1a E:/Prog/Fac/TER/Decawave_DWM1001-DEV/Source_Code_DWM-Tag/src/dwm-tag/../../lib/libdwm.a(dw1000.o)
                0x00046b82                dw_set_tx_cfg
 .text.dw_set_ant_tx_delay
                0x00046b9c        0x8 E:/Prog/Fac/TER/Decawave_DWM1001-DEV/Source_Code_DWM-Tag/src/dwm-tag/../../lib/libdwm.a(dw1000.o)
                0x00046b9c                dw_set_ant_tx_delay
 .text.dw_get_temp
                0x00046ba4       0x36 E:/Prog/Fac/TER/Decawave_DWM1001-DEV/Source_Code_DWM-Tag/src/dwm-tag/../../lib/libdwm.a(dw1000.o)
                0x00046ba4                dw_get_temp
 .text.dw_rsl_workaround
                0x00046bda       0x1c E:/Prog/Fac/TER/Decawave_DWM1001-DEV/Source_Code_DWM-Tag/src/dwm-tag/../../lib/libdwm.a(dw1000.o)
                0x00046bda                dw_rsl_workaround
 *fill*         0x00046bf6        0x2 
 .text.dw_bw_txpwr_comp
                0x00046bf8      0x1f8 E:/Prog/Fac/TER/Decawave_DWM1001-DEV/Source_Code_DWM-Tag/src/dwm-tag/../../lib/libdwm.a(dw1000.o)
                0x00046bf8                dw_bw_txpwr_comp
 .text.dw_tx_cb
                0x00046df0       0x7c E:/Prog/Fac/TER/Decawave_DWM1001-DEV/Source_Code_DWM-Tag/src/dwm-tag/../../lib/libdwm.a(dw1000.o)
                0x00046df0                dw_tx_cb
 .text.dw_rx_cb
                0x00046e6c      0x18a E:/Prog/Fac/TER/Decawave_DWM1001-DEV/Source_Code_DWM-Tag/src/dwm-tag/../../lib/libdwm.a(dw1000.o)
                0x00046e6c                dw_rx_cb
 .text.dw_sleep
                0x00046ff6       0x54 E:/Prog/Fac/TER/Decawave_DWM1001-DEV/Source_Code_DWM-Tag/src/dwm-tag/../../lib/libdwm.a(dw1000.o)
                0x00046ff6                dw_sleep
 .text.dw_rxdata_read
                0x0004704a       0x10 E:/Prog/Fac/TER/Decawave_DWM1001-DEV/Source_Code_DWM-Tag/src/dwm-tag/../../lib/libdwm.a(dw1000.o)
                0x0004704a                dw_rxdata_read
 *fill*         0x0004705a        0x2 
 .text.dw_init  0x0004705c       0xac E:/Prog/Fac/TER/Decawave_DWM1001-DEV/Source_Code_DWM-Tag/src/dwm-tag/../../lib/libdwm.a(dw1000.o)
                0x0004705c                dw_init
 .text.dw_set_src_addr
                0x00047108       0x7a E:/Prog/Fac/TER/Decawave_DWM1001-DEV/Source_Code_DWM-Tag/src/dwm-tag/../../lib/libdwm.a(dw1000.o)
                0x00047108                dw_set_src_addr
 .text.dw_get_src_addr
                0x00047182        0xc E:/Prog/Fac/TER/Decawave_DWM1001-DEV/Source_Code_DWM-Tag/src/dwm-tag/../../lib/libdwm.a(dw1000.o)
                0x00047182                dw_get_src_addr
 .text.dw_get_event
                0x0004718e       0x70 E:/Prog/Fac/TER/Decawave_DWM1001-DEV/Source_Code_DWM-Tag/src/dwm-tag/../../lib/libdwm.a(dw1000.o)
                0x0004718e                dw_get_event
 *fill*         0x000471fe        0x2 
 .text.uwb_get_if
                0x00047200       0x10 E:/Prog/Fac/TER/Decawave_DWM1001-DEV/Source_Code_DWM-Tag/src/dwm-tag/../../lib/libdwm.a(dw1000.o)
                0x00047200                uwb_get_if
 .text.dw1000_init
                0x00047210       0xd8 E:/Prog/Fac/TER/Decawave_DWM1001-DEV/Source_Code_DWM-Tag/src/dwm-tag/../../lib/libdwm.a(dw1000.o)
                0x00047210                dw1000_init
 .text.dw_dump_cfg
                0x000472e8      0x278 E:/Prog/Fac/TER/Decawave_DWM1001-DEV/Source_Code_DWM-Tag/src/dwm-tag/../../lib/libdwm.a(dw1000.o)
                0x000472e8                dw_dump_cfg
 .text.uwb_sys_info
                0x00047560      0x100 E:/Prog/Fac/TER/Decawave_DWM1001-DEV/Source_Code_DWM-Tag/src/dwm-tag/../../lib/libdwm.a(dw1000.o)
                0x00047560                uwb_sys_info
 .text.fact     0x00047660       0x12 E:/Prog/Fac/TER/Decawave_DWM1001-DEV/Source_Code_DWM-Tag/src/dwm-tag/../../lib/libdwm.a(dwm-math.o)
                0x00047660                fact
 *fill*         0x00047672        0x2 
 .text.flog10   0x00047674       0x28 E:/Prog/Fac/TER/Decawave_DWM1001-DEV/Source_Code_DWM-Tag/src/dwm-tag/../../lib/libdwm.a(dwm-math.o)
                0x00047674                flog10
 .text.get_dist
                0x0004769c       0xc4 E:/Prog/Fac/TER/Decawave_DWM1001-DEV/Source_Code_DWM-Tag/src/dwm-tag/../../lib/libdwm.a(dwm-math.o)
                0x0004769c                get_dist
 .text.dwm_pm_init
                0x00047760       0x34 E:/Prog/Fac/TER/Decawave_DWM1001-DEV/Source_Code_DWM-Tag/src/dwm-tag/../../lib/libdwm.a(dwm.o)
 .text.uwbmac_cb
                0x00047794      0x204 E:/Prog/Fac/TER/Decawave_DWM1001-DEV/Source_Code_DWM-Tag/src/dwm-tag/../../lib/libdwm.a(dwm.o)
 .text.dwm_pm_lock
                0x00047998       0x20 E:/Prog/Fac/TER/Decawave_DWM1001-DEV/Source_Code_DWM-Tag/src/dwm-tag/../../lib/libdwm.a(dwm.o)
 .text.dwm_thread_create
                0x000479b8       0x20 E:/Prog/Fac/TER/Decawave_DWM1001-DEV/Source_Code_DWM-Tag/src/dwm-tag/../../lib/libdwm.a(dwm.o)
                0x000479b8                dwm_thread_create
 .text.dwm_thread_resume
                0x000479d8       0x10 E:/Prog/Fac/TER/Decawave_DWM1001-DEV/Source_Code_DWM-Tag/src/dwm-tag/../../lib/libdwm.a(dwm.o)
                0x000479d8                dwm_thread_resume
 .text.dwm_i2c_read
                0x000479e8       0x5a E:/Prog/Fac/TER/Decawave_DWM1001-DEV/Source_Code_DWM-Tag/src/dwm-tag/../../lib/libdwm.a(dwm.o)
                0x000479e8                dwm_i2c_read
 .text.dwm_i2c_write
                0x00047a42       0x5a E:/Prog/Fac/TER/Decawave_DWM1001-DEV/Source_Code_DWM-Tag/src/dwm-tag/../../lib/libdwm.a(dwm.o)
                0x00047a42                dwm_i2c_write
 .text.dwm_cfg_anchor_set
                0x00047a9c       0x52 E:/Prog/Fac/TER/Decawave_DWM1001-DEV/Source_Code_DWM-Tag/src/dwm-tag/../../lib/libdwm.a(dwm.o)
                0x00047a9c                dwm_cfg_anchor_set
 .text.dwm_cfg_tag_set
                0x00047aee       0x66 E:/Prog/Fac/TER/Decawave_DWM1001-DEV/Source_Code_DWM-Tag/src/dwm-tag/../../lib/libdwm.a(dwm.o)
                0x00047aee                dwm_cfg_tag_set
 .text.dwm_cfg_get
                0x00047b54       0x72 E:/Prog/Fac/TER/Decawave_DWM1001-DEV/Source_Code_DWM-Tag/src/dwm-tag/../../lib/libdwm.a(dwm.o)
                0x00047b54                dwm_cfg_get
 .text.dwm_stnry_cfg_set
                0x00047bc6       0x1c E:/Prog/Fac/TER/Decawave_DWM1001-DEV/Source_Code_DWM-Tag/src/dwm-tag/../../lib/libdwm.a(dwm.o)
                0x00047bc6                dwm_stnry_cfg_set
 .text.dwm_pos_set
                0x00047be2       0x2e E:/Prog/Fac/TER/Decawave_DWM1001-DEV/Source_Code_DWM-Tag/src/dwm-tag/../../lib/libdwm.a(dwm.o)
                0x00047be2                dwm_pos_set
 .text.dwm_pos_get
                0x00047c10       0x36 E:/Prog/Fac/TER/Decawave_DWM1001-DEV/Source_Code_DWM-Tag/src/dwm-tag/../../lib/libdwm.a(dwm.o)
                0x00047c10                dwm_pos_get
 .text.dwm_upd_rate_set
                0x00047c46       0x20 E:/Prog/Fac/TER/Decawave_DWM1001-DEV/Source_Code_DWM-Tag/src/dwm-tag/../../lib/libdwm.a(dwm.o)
                0x00047c46                dwm_upd_rate_set
 .text.dwm_upd_rate_get
                0x00047c66       0x34 E:/Prog/Fac/TER/Decawave_DWM1001-DEV/Source_Code_DWM-Tag/src/dwm-tag/../../lib/libdwm.a(dwm.o)
                0x00047c66                dwm_upd_rate_get
 .text.dwm_usr_data_write
                0x00047c9a       0x4c E:/Prog/Fac/TER/Decawave_DWM1001-DEV/Source_Code_DWM-Tag/src/dwm-tag/../../lib/libdwm.a(dwm.o)
                0x00047c9a                dwm_usr_data_write
 .text.dwm_label_read
                0x00047ce6       0x38 E:/Prog/Fac/TER/Decawave_DWM1001-DEV/Source_Code_DWM-Tag/src/dwm-tag/../../lib/libdwm.a(dwm.o)
                0x00047ce6                dwm_label_read
 .text.dwm_nvm_usr_data_get
                0x00047d1e       0x2c E:/Prog/Fac/TER/Decawave_DWM1001-DEV/Source_Code_DWM-Tag/src/dwm-tag/../../lib/libdwm.a(dwm.o)
                0x00047d1e                dwm_nvm_usr_data_get
 .text.dwm_nvm_usr_data_set
                0x00047d4a       0x22 E:/Prog/Fac/TER/Decawave_DWM1001-DEV/Source_Code_DWM-Tag/src/dwm-tag/../../lib/libdwm.a(dwm.o)
                0x00047d4a                dwm_nvm_usr_data_set
 .text.dwm_evt_listener_register
                0x00047d6c       0x20 E:/Prog/Fac/TER/Decawave_DWM1001-DEV/Source_Code_DWM-Tag/src/dwm-tag/../../lib/libdwm.a(dwm.o)
                0x00047d6c                dwm_evt_listener_register
 .text.dwm_evt_wait
                0x00047d8c       0x78 E:/Prog/Fac/TER/Decawave_DWM1001-DEV/Source_Code_DWM-Tag/src/dwm-tag/../../lib/libdwm.a(dwm.o)
                0x00047d8c                dwm_evt_wait
 .text.dwm_ble_compile
                0x00047e04        0x4 E:/Prog/Fac/TER/Decawave_DWM1001-DEV/Source_Code_DWM-Tag/src/dwm-tag/../../lib/libdwm.a(dwm.o)
                0x00047e04                dwm_ble_compile
 .text.dwm_le_compile
                0x00047e08        0x4 E:/Prog/Fac/TER/Decawave_DWM1001-DEV/Source_Code_DWM-Tag/src/dwm-tag/../../lib/libdwm.a(dwm.o)
                0x00047e08                dwm_le_compile
 .text.dwm_serial_spi_compile
                0x00047e0c        0x4 E:/Prog/Fac/TER/Decawave_DWM1001-DEV/Source_Code_DWM-Tag/src/dwm-tag/../../lib/libdwm.a(dwm.o)
                0x00047e0c                dwm_serial_spi_compile
 .text.dwm_shell_compile
                0x00047e10        0x4 E:/Prog/Fac/TER/Decawave_DWM1001-DEV/Source_Code_DWM-Tag/src/dwm-tag/../../lib/libdwm.a(dwm.o)
                0x00047e10                dwm_shell_compile
 .text.env_get_end
                0x00047e14       0x28 E:/Prog/Fac/TER/Decawave_DWM1001-DEV/Source_Code_DWM-Tag/src/dwm-tag/../../lib/libdwm.a(env-tlv.o)
 .text.env_save
                0x00047e3c       0x60 E:/Prog/Fac/TER/Decawave_DWM1001-DEV/Source_Code_DWM-Tag/src/dwm-tag/../../lib/libdwm.a(env-tlv.o)
                0x00047e3c                env_save
 .text.env_load
                0x00047e9c       0xe4 E:/Prog/Fac/TER/Decawave_DWM1001-DEV/Source_Code_DWM-Tag/src/dwm-tag/../../lib/libdwm.a(env-tlv.o)
                0x00047e9c                env_load
 .text.env_clear
                0x00047f80       0x48 E:/Prog/Fac/TER/Decawave_DWM1001-DEV/Source_Code_DWM-Tag/src/dwm-tag/../../lib/libdwm.a(env-tlv.o)
                0x00047f80                env_clear
 .text.env_get  0x00047fc8       0x30 E:/Prog/Fac/TER/Decawave_DWM1001-DEV/Source_Code_DWM-Tag/src/dwm-tag/../../lib/libdwm.a(env-tlv.o)
                0x00047fc8                env_get
 .text.env_set  0x00047ff8       0xa8 E:/Prog/Fac/TER/Decawave_DWM1001-DEV/Source_Code_DWM-Tag/src/dwm-tag/../../lib/libdwm.a(env-tlv.o)
                0x00047ff8                env_set
 .text.fwup_reset
                0x000480a0        0x8 E:/Prog/Fac/TER/Decawave_DWM1001-DEV/Source_Code_DWM-Tag/src/dwm-tag/../../lib/libdwm.a(fwup.o)
                0x000480a0                fwup_reset
 .text.fwup_sndr_init
                0x000480a8       0x6a E:/Prog/Fac/TER/Decawave_DWM1001-DEV/Source_Code_DWM-Tag/src/dwm-tag/../../lib/libdwm.a(fwup.o)
                0x000480a8                fwup_sndr_init
 .text.fwup_rcvr_in_progress
                0x00048112       0x1a E:/Prog/Fac/TER/Decawave_DWM1001-DEV/Source_Code_DWM-Tag/src/dwm-tag/../../lib/libdwm.a(fwup.o)
                0x00048112                fwup_rcvr_in_progress
 .text.fwup_rcvr_stop
                0x0004812c       0x16 E:/Prog/Fac/TER/Decawave_DWM1001-DEV/Source_Code_DWM-Tag/src/dwm-tag/../../lib/libdwm.a(fwup.o)
                0x0004812c                fwup_rcvr_stop
 .text.fwup_rcvr_start
                0x00048142       0x4c E:/Prog/Fac/TER/Decawave_DWM1001-DEV/Source_Code_DWM-Tag/src/dwm-tag/../../lib/libdwm.a(fwup.o)
                0x00048142                fwup_rcvr_start
 .text.fwup_rcvr_rxbuf_space
                0x0004818e       0x12 E:/Prog/Fac/TER/Decawave_DWM1001-DEV/Source_Code_DWM-Tag/src/dwm-tag/../../lib/libdwm.a(fwup.o)
                0x0004818e                fwup_rcvr_rxbuf_space
 .text.fwup_rcvr_data_handler
                0x000481a0       0x60 E:/Prog/Fac/TER/Decawave_DWM1001-DEV/Source_Code_DWM-Tag/src/dwm-tag/../../lib/libdwm.a(fwup.o)
                0x000481a0                fwup_rcvr_data_handler
 .text.fwup_rcvr_data_write
                0x00048200      0x160 E:/Prog/Fac/TER/Decawave_DWM1001-DEV/Source_Code_DWM-Tag/src/dwm-tag/../../lib/libdwm.a(fwup.o)
                0x00048200                fwup_rcvr_data_write
 .text.fwup_rcvr_is_finished
                0x00048360       0x36 E:/Prog/Fac/TER/Decawave_DWM1001-DEV/Source_Code_DWM-Tag/src/dwm-tag/../../lib/libdwm.a(fwup.o)
                0x00048360                fwup_rcvr_is_finished
 .text.nrf_gpio_pins_toggle
                0x00048396       0x18 E:/Prog/Fac/TER/Decawave_DWM1001-DEV/Source_Code_DWM-Tag/src/dwm-tag/../../lib/libdwm.a(hal.o)
 .text.sd_rand_application_bytes_available_get
                0x000483ae        0x4 E:/Prog/Fac/TER/Decawave_DWM1001-DEV/Source_Code_DWM-Tag/src/dwm-tag/../../lib/libdwm.a(hal.o)
 .text.sd_rand_application_vector_get
                0x000483b2        0x4 E:/Prog/Fac/TER/Decawave_DWM1001-DEV/Source_Code_DWM-Tag/src/dwm-tag/../../lib/libdwm.a(hal.o)
 .text.sd_clock_hfclk_request
                0x000483b6        0x4 E:/Prog/Fac/TER/Decawave_DWM1001-DEV/Source_Code_DWM-Tag/src/dwm-tag/../../lib/libdwm.a(hal.o)
 .text.sd_clock_hfclk_release
                0x000483ba        0x4 E:/Prog/Fac/TER/Decawave_DWM1001-DEV/Source_Code_DWM-Tag/src/dwm-tag/../../lib/libdwm.a(hal.o)
 .text.sd_app_evt_wait
                0x000483be        0x4 E:/Prog/Fac/TER/Decawave_DWM1001-DEV/Source_Code_DWM-Tag/src/dwm-tag/../../lib/libdwm.a(hal.o)
 .text.sd_ecb_block_encrypt
                0x000483c2        0x4 E:/Prog/Fac/TER/Decawave_DWM1001-DEV/Source_Code_DWM-Tag/src/dwm-tag/../../lib/libdwm.a(hal.o)
 .text.sd_temp_get
                0x000483c6        0x4 E:/Prog/Fac/TER/Decawave_DWM1001-DEV/Source_Code_DWM-Tag/src/dwm-tag/../../lib/libdwm.a(hal.o)
 .text._led_dummy
                0x000483ca        0x2 E:/Prog/Fac/TER/Decawave_DWM1001-DEV/Source_Code_DWM-Tag/src/dwm-tag/../../lib/libdwm.a(hal.o)
 .text._led_orange_on
                0x000483cc        0xe E:/Prog/Fac/TER/Decawave_DWM1001-DEV/Source_Code_DWM-Tag/src/dwm-tag/../../lib/libdwm.a(hal.o)
 .text._led_orange_off
                0x000483da        0xe E:/Prog/Fac/TER/Decawave_DWM1001-DEV/Source_Code_DWM-Tag/src/dwm-tag/../../lib/libdwm.a(hal.o)
 .text._led_orange_toggle
                0x000483e8        0x8 E:/Prog/Fac/TER/Decawave_DWM1001-DEV/Source_Code_DWM-Tag/src/dwm-tag/../../lib/libdwm.a(hal.o)
 .text._led_red_on
                0x000483f0        0xe E:/Prog/Fac/TER/Decawave_DWM1001-DEV/Source_Code_DWM-Tag/src/dwm-tag/../../lib/libdwm.a(hal.o)
 .text._led_red_off
                0x000483fe        0xe E:/Prog/Fac/TER/Decawave_DWM1001-DEV/Source_Code_DWM-Tag/src/dwm-tag/../../lib/libdwm.a(hal.o)
 .text._led_red_toggle
                0x0004840c        0x8 E:/Prog/Fac/TER/Decawave_DWM1001-DEV/Source_Code_DWM-Tag/src/dwm-tag/../../lib/libdwm.a(hal.o)
 .text._led_green_on
                0x00048414        0xe E:/Prog/Fac/TER/Decawave_DWM1001-DEV/Source_Code_DWM-Tag/src/dwm-tag/../../lib/libdwm.a(hal.o)
 .text._led_green_off
                0x00048422        0xe E:/Prog/Fac/TER/Decawave_DWM1001-DEV/Source_Code_DWM-Tag/src/dwm-tag/../../lib/libdwm.a(hal.o)
 .text._led_green_toggle
                0x00048430        0x8 E:/Prog/Fac/TER/Decawave_DWM1001-DEV/Source_Code_DWM-Tag/src/dwm-tag/../../lib/libdwm.a(hal.o)
 .text.wdt_handler
                0x00048438        0x2 E:/Prog/Fac/TER/Decawave_DWM1001-DEV/Source_Code_DWM-Tag/src/dwm-tag/../../lib/libdwm.a(hal.o)
 *fill*         0x0004843a        0x2 
 .text.hal_factory_reset
                0x0004843c       0x30 E:/Prog/Fac/TER/Decawave_DWM1001-DEV/Source_Code_DWM-Tag/src/dwm-tag/../../lib/libdwm.a(hal.o)
                0x0004843c                hal_factory_reset
 .text.is_user_app_pin
                0x0004846c       0x5c E:/Prog/Fac/TER/Decawave_DWM1001-DEV/Source_Code_DWM-Tag/src/dwm-tag/../../lib/libdwm.a(hal.o)
                0x0004846c                is_user_app_pin
 .text.hal_sd_enabled
                0x000484c8        0x8 E:/Prog/Fac/TER/Decawave_DWM1001-DEV/Source_Code_DWM-Tag/src/dwm-tag/../../lib/libdwm.a(hal.o)
                0x000484c8                hal_sd_enabled
 .text.hal_flash_erase
                0x000484d0       0x14 E:/Prog/Fac/TER/Decawave_DWM1001-DEV/Source_Code_DWM-Tag/src/dwm-tag/../../lib/libdwm.a(hal.o)
                0x000484d0                hal_flash_erase
 .text.hal_flash_write_page
                0x000484e4        0x6 E:/Prog/Fac/TER/Decawave_DWM1001-DEV/Source_Code_DWM-Tag/src/dwm-tag/../../lib/libdwm.a(hal.o)
                0x000484e4                hal_flash_write_page
 .text.hal_fw_get_chksum
                0x000484ea       0x42 E:/Prog/Fac/TER/Decawave_DWM1001-DEV/Source_Code_DWM-Tag/src/dwm-tag/../../lib/libdwm.a(hal.o)
                0x000484ea                hal_fw_get_chksum
 .text.hal_fw_is_compat
                0x0004852c       0x10 E:/Prog/Fac/TER/Decawave_DWM1001-DEV/Source_Code_DWM-Tag/src/dwm-tag/../../lib/libdwm.a(hal.o)
                0x0004852c                hal_fw_is_compat
 .text.hal_time_hfclk_start
                0x0004853c       0x1a E:/Prog/Fac/TER/Decawave_DWM1001-DEV/Source_Code_DWM-Tag/src/dwm-tag/../../lib/libdwm.a(hal.o)
                0x0004853c                hal_time_hfclk_start
 .text.hal_time_hfclk_stop
                0x00048556       0x1c E:/Prog/Fac/TER/Decawave_DWM1001-DEV/Source_Code_DWM-Tag/src/dwm-tag/../../lib/libdwm.a(hal.o)
                0x00048556                hal_time_hfclk_stop
 *fill*         0x00048572        0x2 
 .text.hal_wdt_app_init
                0x00048574       0x10 E:/Prog/Fac/TER/Decawave_DWM1001-DEV/Source_Code_DWM-Tag/src/dwm-tag/../../lib/libdwm.a(hal.o)
                0x00048574                hal_wdt_app_init
 .text.hal_wdt_app_reset
                0x00048584        0x4 E:/Prog/Fac/TER/Decawave_DWM1001-DEV/Source_Code_DWM-Tag/src/dwm-tag/../../lib/libdwm.a(hal.o)
                0x00048584                hal_wdt_app_reset
 .text.hal_temp_get
                0x00048588       0x80 E:/Prog/Fac/TER/Decawave_DWM1001-DEV/Source_Code_DWM-Tag/src/dwm-tag/../../lib/libdwm.a(hal.o)
                0x00048588                hal_temp_get
 .text.hal_sleep
                0x00048608       0xe4 E:/Prog/Fac/TER/Decawave_DWM1001-DEV/Source_Code_DWM-Tag/src/dwm-tag/../../lib/libdwm.a(hal.o)
                0x00048608                hal_sleep
 .text.hal_uptime
                0x000486ec       0x20 E:/Prog/Fac/TER/Decawave_DWM1001-DEV/Source_Code_DWM-Tag/src/dwm-tag/../../lib/libdwm.a(hal.o)
                0x000486ec                hal_uptime
 .text.hal_print_ps
                0x0004870c       0x80 E:/Prog/Fac/TER/Decawave_DWM1001-DEV/Source_Code_DWM-Tag/src/dwm-tag/../../lib/libdwm.a(hal.o)
                0x0004870c                hal_print_ps
 .text.hal_print_free
                0x0004878c       0x50 E:/Prog/Fac/TER/Decawave_DWM1001-DEV/Source_Code_DWM-Tag/src/dwm-tag/../../lib/libdwm.a(hal.o)
                0x0004878c                hal_print_free
 .text.hal_print_uptime
                0x000487dc       0xbc E:/Prog/Fac/TER/Decawave_DWM1001-DEV/Source_Code_DWM-Tag/src/dwm-tag/../../lib/libdwm.a(hal.o)
                0x000487dc                hal_print_uptime
 .text.hal_print_sys_info
                0x00048898      0x130 E:/Prog/Fac/TER/Decawave_DWM1001-DEV/Source_Code_DWM-Tag/src/dwm-tag/../../lib/libdwm.a(hal.o)
                0x00048898                hal_print_sys_info
 .text.hal_critical_region_enter
                0x000489c8       0x58 E:/Prog/Fac/TER/Decawave_DWM1001-DEV/Source_Code_DWM-Tag/src/dwm-tag/../../lib/libdwm.a(hal.o)
                0x000489c8                hal_critical_region_enter
 .text.hal_critical_region_exit
                0x00048a20       0x38 E:/Prog/Fac/TER/Decawave_DWM1001-DEV/Source_Code_DWM-Tag/src/dwm-tag/../../lib/libdwm.a(hal.o)
                0x00048a20                hal_critical_region_exit
 .text.leds_enable
                0x00048a58       0xbc E:/Prog/Fac/TER/Decawave_DWM1001-DEV/Source_Code_DWM-Tag/src/dwm-tag/../../lib/libdwm.a(hal.o)
                0x00048a58                leds_enable
 .text.leds_disable
                0x00048b14       0x74 E:/Prog/Fac/TER/Decawave_DWM1001-DEV/Source_Code_DWM-Tag/src/dwm-tag/../../lib/libdwm.a(hal.o)
                0x00048b14                leds_disable
 .text.hal_crypto_rng_get
                0x00048b88       0xa8 E:/Prog/Fac/TER/Decawave_DWM1001-DEV/Source_Code_DWM-Tag/src/dwm-tag/../../lib/libdwm.a(hal.o)
                0x00048b88                hal_crypto_rng_get
 .text.hal_crypto_set_key
                0x00048c30       0x60 E:/Prog/Fac/TER/Decawave_DWM1001-DEV/Source_Code_DWM-Tag/src/dwm-tag/../../lib/libdwm.a(hal.o)
                0x00048c30                hal_crypto_set_key
 .text.hal_crypto_mac_get
                0x00048c90      0x128 E:/Prog/Fac/TER/Decawave_DWM1001-DEV/Source_Code_DWM-Tag/src/dwm-tag/../../lib/libdwm.a(hal.o)
                0x00048c90                hal_crypto_mac_get
 .text.hal_crypto_crypt
                0x00048db8       0xc8 E:/Prog/Fac/TER/Decawave_DWM1001-DEV/Source_Code_DWM-Tag/src/dwm-tag/../../lib/libdwm.a(hal.o)
                0x00048db8                hal_crypto_crypt
 .text._read    0x00048e80        0x8 E:/Prog/Fac/TER/Decawave_DWM1001-DEV/Source_Code_DWM-Tag/src/dwm-tag/../../lib/libdwm.a(hal.o)
                0x00048e80                _read
 .text._write   0x00048e88       0x2a E:/Prog/Fac/TER/Decawave_DWM1001-DEV/Source_Code_DWM-Tag/src/dwm-tag/../../lib/libdwm.a(hal.o)
                0x00048e88                _write
 *fill*         0x00048eb2        0x2 
 .text._sbrk    0x00048eb4       0x2c E:/Prog/Fac/TER/Decawave_DWM1001-DEV/Source_Code_DWM-Tag/src/dwm-tag/../../lib/libdwm.a(hal.o)
                0x00048eb4                _sbrk
 .text.rng_isr  0x00048ee0       0x14 E:/Prog/Fac/TER/Decawave_DWM1001-DEV/Source_Code_DWM-Tag/src/dwm-tag/../../lib/libdwm.a(nrf_drv_rng.o)
 .text.rng_start
                0x00048ef4       0x38 E:/Prog/Fac/TER/Decawave_DWM1001-DEV/Source_Code_DWM-Tag/src/dwm-tag/../../lib/libdwm.a(nrf_drv_rng.o)
 .text.nrf_drv_rng_init
                0x00048f2c       0x98 E:/Prog/Fac/TER/Decawave_DWM1001-DEV/Source_Code_DWM-Tag/src/dwm-tag/../../lib/libdwm.a(nrf_drv_rng.o)
                0x00048f2c                nrf_drv_rng_init
 .text.nrf_drv_rng_bytes_available
                0x00048fc4       0x14 E:/Prog/Fac/TER/Decawave_DWM1001-DEV/Source_Code_DWM-Tag/src/dwm-tag/../../lib/libdwm.a(nrf_drv_rng.o)
                0x00048fc4                nrf_drv_rng_bytes_available
 .text.nrf_drv_rng_rand
                0x00048fd8       0x3c E:/Prog/Fac/TER/Decawave_DWM1001-DEV/Source_Code_DWM-Tag/src/dwm-tag/../../lib/libdwm.a(nrf_drv_rng.o)
                0x00048fd8                nrf_drv_rng_rand
 .text.RNG_IRQHandler
                0x00049014       0x54 E:/Prog/Fac/TER/Decawave_DWM1001-DEV/Source_Code_DWM-Tag/src/dwm-tag/../../lib/libdwm.a(nrf_drv_rng.o)
                0x00049014                RNG_IRQHandler
 .text.rng_dsr  0x00049068       0x10 E:/Prog/Fac/TER/Decawave_DWM1001-DEV/Source_Code_DWM-Tag/src/dwm-tag/../../lib/libdwm.a(nrf_drv_rng.o)
 .text.pm_can_sleep
                0x00049078       0x44 E:/Prog/Fac/TER/Decawave_DWM1001-DEV/Source_Code_DWM-Tag/src/dwm-tag/../../lib/libdwm.a(pm.o)
                0x00049078                pm_can_sleep
 .text.pm_task_get_next
                0x000490bc       0x54 E:/Prog/Fac/TER/Decawave_DWM1001-DEV/Source_Code_DWM-Tag/src/dwm-tag/../../lib/libdwm.a(pm.o)
                0x000490bc                pm_task_get_next
 .text.pm_sched_signal
                0x00049110        0xc E:/Prog/Fac/TER/Decawave_DWM1001-DEV/Source_Code_DWM-Tag/src/dwm-tag/../../lib/libdwm.a(pm.o)
                0x00049110                pm_sched_signal
 .text.pm_sched_wait
                0x0004911c        0xc E:/Prog/Fac/TER/Decawave_DWM1001-DEV/Source_Code_DWM-Tag/src/dwm-tag/../../lib/libdwm.a(pm.o)
                0x0004911c                pm_sched_wait
 .text.pm_task_lock
                0x00049128       0x26 E:/Prog/Fac/TER/Decawave_DWM1001-DEV/Source_Code_DWM-Tag/src/dwm-tag/../../lib/libdwm.a(pm.o)
                0x00049128                pm_task_lock
 .text.pm_task_unlock
                0x0004914e       0x2c E:/Prog/Fac/TER/Decawave_DWM1001-DEV/Source_Code_DWM-Tag/src/dwm-tag/../../lib/libdwm.a(pm.o)
                0x0004914e                pm_task_unlock
 *fill*         0x0004917a        0x2 
 .text.pm_task_unlock_set_alarm
                0x0004917c       0x98 E:/Prog/Fac/TER/Decawave_DWM1001-DEV/Source_Code_DWM-Tag/src/dwm-tag/../../lib/libdwm.a(pm.o)
                0x0004917c                pm_task_unlock_set_alarm
 .text.pm_task_wakeup
                0x00049214        0x4 E:/Prog/Fac/TER/Decawave_DWM1001-DEV/Source_Code_DWM-Tag/src/dwm-tag/../../lib/libdwm.a(pm.o)
                0x00049214                pm_task_wakeup
 .text.pm_task_alloc
                0x00049218       0x64 E:/Prog/Fac/TER/Decawave_DWM1001-DEV/Source_Code_DWM-Tag/src/dwm-tag/../../lib/libdwm.a(pm.o)
                0x00049218                pm_task_alloc
 .text.pm_task_free
                0x0004927c       0x58 E:/Prog/Fac/TER/Decawave_DWM1001-DEV/Source_Code_DWM-Tag/src/dwm-tag/../../lib/libdwm.a(pm.o)
                0x0004927c                pm_task_free
 .text.pm_init  0x000492d4       0x54 E:/Prog/Fac/TER/Decawave_DWM1001-DEV/Source_Code_DWM-Tag/src/dwm-tag/../../lib/libdwm.a(pm.o)
                0x000492d4                pm_init
 .text.pm_dump  0x00049328       0x84 E:/Prog/Fac/TER/Decawave_DWM1001-DEV/Source_Code_DWM-Tag/src/dwm-tag/../../lib/libdwm.a(pm.o)
                0x00049328                pm_dump
 .text.api_thread_start
                0x000493ac       0x10 E:/Prog/Fac/TER/Decawave_DWM1001-DEV/Source_Code_DWM-Tag/src/dwm-tag/../../lib/libdwm.a(process-api.o)
                0x000493ac                api_thread_start
 .text.api_thread_init
                0x000493bc       0x3c E:/Prog/Fac/TER/Decawave_DWM1001-DEV/Source_Code_DWM-Tag/src/dwm-tag/../../lib/libdwm.a(process-api.o)
                0x000493bc                api_thread_init
 .text.ble_thread_entry
                0x000493f8       0x78 E:/Prog/Fac/TER/Decawave_DWM1001-DEV/Source_Code_DWM-Tag/src/dwm-tag/../../lib/libdwm.a(process-ble.o)
 .text.ble_server_evt_put
                0x00049470       0x1c E:/Prog/Fac/TER/Decawave_DWM1001-DEV/Source_Code_DWM-Tag/src/dwm-tag/../../lib/libdwm.a(process-ble.o)
                0x00049470                ble_server_evt_put
 .text.ble_server_thread_start
                0x0004948c       0x10 E:/Prog/Fac/TER/Decawave_DWM1001-DEV/Source_Code_DWM-Tag/src/dwm-tag/../../lib/libdwm.a(process-ble.o)
                0x0004948c                ble_server_thread_start
 .text.ble_server_thread_stop
                0x0004949c       0x38 E:/Prog/Fac/TER/Decawave_DWM1001-DEV/Source_Code_DWM-Tag/src/dwm-tag/../../lib/libdwm.a(process-ble.o)
                0x0004949c                ble_server_thread_stop
 .text.ble_server_thread_init
                0x000494d4       0x4c E:/Prog/Fac/TER/Decawave_DWM1001-DEV/Source_Code_DWM-Tag/src/dwm-tag/../../lib/libdwm.a(process-ble.o)
                0x000494d4                ble_server_thread_init
 .text.ble_init_ready
                0x00049520        0xc E:/Prog/Fac/TER/Decawave_DWM1001-DEV/Source_Code_DWM-Tag/src/dwm-tag/../../lib/libdwm.a(process-ble.o)
                0x00049520                ble_init_ready
 .text.le_print_disable
                0x0004952c       0x10 E:/Prog/Fac/TER/Decawave_DWM1001-DEV/Source_Code_DWM-Tag/src/dwm-tag/../../lib/libdwm.a(process-le.o)
 .text.nole_thread_entry
                0x0004953c      0x2a8 E:/Prog/Fac/TER/Decawave_DWM1001-DEV/Source_Code_DWM-Tag/src/dwm-tag/../../lib/libdwm.a(process-le.o)
 *fill*         0x000497e4        0x4 
 .text.le_thread_entry
                0x000497e8      0x48c E:/Prog/Fac/TER/Decawave_DWM1001-DEV/Source_Code_DWM-Tag/src/dwm-tag/../../lib/libdwm.a(process-le.o)
 .text.le_post_loc_data
                0x00049c74       0x60 E:/Prog/Fac/TER/Decawave_DWM1001-DEV/Source_Code_DWM-Tag/src/dwm-tag/../../lib/libdwm.a(process-le.o)
                0x00049c74                le_post_loc_data
 .text.le_init  0x00049cd4       0x7c E:/Prog/Fac/TER/Decawave_DWM1001-DEV/Source_Code_DWM-Tag/src/dwm-tag/../../lib/libdwm.a(process-le.o)
                0x00049cd4                le_init
 .text.le_start
                0x00049d50       0x18 E:/Prog/Fac/TER/Decawave_DWM1001-DEV/Source_Code_DWM-Tag/src/dwm-tag/../../lib/libdwm.a(process-le.o)
                0x00049d50                le_start
 .text.le_post_meas
                0x00049d68       0x78 E:/Prog/Fac/TER/Decawave_DWM1001-DEV/Source_Code_DWM-Tag/src/dwm-tag/../../lib/libdwm.a(process-le.o)
                0x00049d68                le_post_meas
 .text.le_pos_get
                0x00049de0       0x64 E:/Prog/Fac/TER/Decawave_DWM1001-DEV/Source_Code_DWM-Tag/src/dwm-tag/../../lib/libdwm.a(process-le.o)
                0x00049de0                le_pos_get
 .text.le_loc_get
                0x00049e44      0x104 E:/Prog/Fac/TER/Decawave_DWM1001-DEV/Source_Code_DWM-Tag/src/dwm-tag/../../lib/libdwm.a(process-le.o)
                0x00049e44                le_loc_get
 .text.le_loc_print_toggle
                0x00049f48       0x28 E:/Prog/Fac/TER/Decawave_DWM1001-DEV/Source_Code_DWM-Tag/src/dwm-tag/../../lib/libdwm.a(process-le.o)
                0x00049f48                le_loc_print_toggle
 .text.le_loc_ts_print_toggle
                0x00049f70       0x24 E:/Prog/Fac/TER/Decawave_DWM1001-DEV/Source_Code_DWM-Tag/src/dwm-tag/../../lib/libdwm.a(process-le.o)
                0x00049f70                le_loc_ts_print_toggle
 .text.le_loc_csv_print_toggle
                0x00049f94       0x28 E:/Prog/Fac/TER/Decawave_DWM1001-DEV/Source_Code_DWM-Tag/src/dwm-tag/../../lib/libdwm.a(process-le.o)
                0x00049f94                le_loc_csv_print_toggle
 .text.le_loc_csv_ts_print_toggle
                0x00049fbc       0x28 E:/Prog/Fac/TER/Decawave_DWM1001-DEV/Source_Code_DWM-Tag/src/dwm-tag/../../lib/libdwm.a(process-le.o)
                0x00049fbc                le_loc_csv_ts_print_toggle
 .text.le_pos_csv_print_toggle
                0x00049fe4       0x24 E:/Prog/Fac/TER/Decawave_DWM1001-DEV/Source_Code_DWM-Tag/src/dwm-tag/../../lib/libdwm.a(process-le.o)
                0x00049fe4                le_pos_csv_print_toggle
 .text.le_compile
                0x0004a008       0x18 E:/Prog/Fac/TER/Decawave_DWM1001-DEV/Source_Code_DWM-Tag/src/dwm-tag/../../lib/libdwm.a(process-le.o)
                0x0004a008                le_compile
 .text.pm_thread_entry
                0x0004a020       0x98 E:/Prog/Fac/TER/Decawave_DWM1001-DEV/Source_Code_DWM-Tag/src/dwm-tag/../../lib/libdwm.a(process-pm.o)
 .text.hal_pm_init
                0x0004a0b8       0x70 E:/Prog/Fac/TER/Decawave_DWM1001-DEV/Source_Code_DWM-Tag/src/dwm-tag/../../lib/libdwm.a(process-pm.o)
                0x0004a0b8                hal_pm_init
 .text.hal_pm_start
                0x0004a128        0xc E:/Prog/Fac/TER/Decawave_DWM1001-DEV/Source_Code_DWM-Tag/src/dwm-tag/../../lib/libdwm.a(process-pm.o)
                0x0004a128                hal_pm_start
 .text.uwb0_recover.part.0
                0x0004a134       0x1c E:/Prog/Fac/TER/Decawave_DWM1001-DEV/Source_Code_DWM-Tag/src/dwm-tag/../../lib/libdwm.a(process-svc.o)
 .text.svc_thread_entry
                0x0004a150      0x2b0 E:/Prog/Fac/TER/Decawave_DWM1001-DEV/Source_Code_DWM-Tag/src/dwm-tag/../../lib/libdwm.a(process-svc.o)
 .text.svc_init
                0x0004a400       0x3c E:/Prog/Fac/TER/Decawave_DWM1001-DEV/Source_Code_DWM-Tag/src/dwm-tag/../../lib/libdwm.a(process-svc.o)
                0x0004a400                svc_init
 .text.svc_start
                0x0004a43c        0xc E:/Prog/Fac/TER/Decawave_DWM1001-DEV/Source_Code_DWM-Tag/src/dwm-tag/../../lib/libdwm.a(process-svc.o)
                0x0004a43c                svc_start
 .text.svc_post_event
                0x0004a448       0x64 E:/Prog/Fac/TER/Decawave_DWM1001-DEV/Source_Code_DWM-Tag/src/dwm-tag/../../lib/libdwm.a(process-svc.o)
                0x0004a448                svc_post_event
 .text.svc_suspend
                0x0004a4ac       0x30 E:/Prog/Fac/TER/Decawave_DWM1001-DEV/Source_Code_DWM-Tag/src/dwm-tag/../../lib/libdwm.a(process-svc.o)
                0x0004a4ac                svc_suspend
 .text.svc_resume
                0x0004a4dc       0x28 E:/Prog/Fac/TER/Decawave_DWM1001-DEV/Source_Code_DWM-Tag/src/dwm-tag/../../lib/libdwm.a(process-svc.o)
                0x0004a4dc                svc_resume
 .text.uwbmac_wkr_thread_entry
                0x0004a504       0x1c E:/Prog/Fac/TER/Decawave_DWM1001-DEV/Source_Code_DWM-Tag/src/dwm-tag/../../lib/libdwm.a(process-uwbmac.o)
 .text.uwbmac_thread_entry
                0x0004a520      0x12c E:/Prog/Fac/TER/Decawave_DWM1001-DEV/Source_Code_DWM-Tag/src/dwm-tag/../../lib/libdwm.a(process-uwbmac.o)
 .text.uwbmac_init
                0x0004a64c       0x6c E:/Prog/Fac/TER/Decawave_DWM1001-DEV/Source_Code_DWM-Tag/src/dwm-tag/../../lib/libdwm.a(process-uwbmac.o)
                0x0004a64c                uwbmac_init
 .text.uwbmac_start
                0x0004a6b8       0x18 E:/Prog/Fac/TER/Decawave_DWM1001-DEV/Source_Code_DWM-Tag/src/dwm-tag/../../lib/libdwm.a(process-uwbmac.o)
                0x0004a6b8                uwbmac_start
 .text.dw_intr  0x0004a6d0        0xc E:/Prog/Fac/TER/Decawave_DWM1001-DEV/Source_Code_DWM-Tag/src/dwm-tag/../../lib/libdwm.a(process-uwb.o)
                0x0004a6d0                dw_intr
 .text.uwb_init_uwb0
                0x0004a6dc      0x42c E:/Prog/Fac/TER/Decawave_DWM1001-DEV/Source_Code_DWM-Tag/src/dwm-tag/../../lib/libdwm.a(process-uwb.o)
                0x0004a6dc                uwb_init_uwb0
 .text.uwb_thread_entry
                0x0004ab08       0xac E:/Prog/Fac/TER/Decawave_DWM1001-DEV/Source_Code_DWM-Tag/src/dwm-tag/../../lib/libdwm.a(process-uwb.o)
 .text.uwb_init
                0x0004abb4       0x3c E:/Prog/Fac/TER/Decawave_DWM1001-DEV/Source_Code_DWM-Tag/src/dwm-tag/../../lib/libdwm.a(process-uwb.o)
                0x0004abb4                uwb_init
 .text.uwb_start
                0x0004abf0        0xc E:/Prog/Fac/TER/Decawave_DWM1001-DEV/Source_Code_DWM-Tag/src/dwm-tag/../../lib/libdwm.a(process-uwb.o)
                0x0004abf0                uwb_start
 .text.uwb_init_ready_await
                0x0004abfc       0x18 E:/Prog/Fac/TER/Decawave_DWM1001-DEV/Source_Code_DWM-Tag/src/dwm-tag/../../lib/libdwm.a(process-uwb.o)
                0x0004abfc                uwb_init_ready_await
 .text.uart_timeout_handler
                0x0004ac14       0x10 E:/Prog/Fac/TER/Decawave_DWM1001-DEV/Source_Code_DWM-Tag/src/dwm-tag/../../lib/libdwm.a(serial.o)
 .text.uart_init
                0x0004ac24       0x10 E:/Prog/Fac/TER/Decawave_DWM1001-DEV/Source_Code_DWM-Tag/src/dwm-tag/../../lib/libdwm.a(serial.o)
 .text.spis_gpio_set
                0x0004ac34       0x20 E:/Prog/Fac/TER/Decawave_DWM1001-DEV/Source_Code_DWM-Tag/src/dwm-tag/../../lib/libdwm.a(serial.o)
 .text.spis_init
                0x0004ac54       0x10 E:/Prog/Fac/TER/Decawave_DWM1001-DEV/Source_Code_DWM-Tag/src/dwm-tag/../../lib/libdwm.a(serial.o)
 .text.pm_serial_suspend
                0x0004ac64       0x58 E:/Prog/Fac/TER/Decawave_DWM1001-DEV/Source_Code_DWM-Tag/src/dwm-tag/../../lib/libdwm.a(serial.o)
 .text.gpio_wakeup_intr
                0x0004acbc        0xc E:/Prog/Fac/TER/Decawave_DWM1001-DEV/Source_Code_DWM-Tag/src/dwm-tag/../../lib/libdwm.a(serial.o)
 .text._serial_status_change_ntfy
                0x0004acc8       0x3c E:/Prog/Fac/TER/Decawave_DWM1001-DEV/Source_Code_DWM-Tag/src/dwm-tag/../../lib/libdwm.a(serial.o)
 .text._serial_start
                0x0004ad04       0x1c E:/Prog/Fac/TER/Decawave_DWM1001-DEV/Source_Code_DWM-Tag/src/dwm-tag/../../lib/libdwm.a(serial.o)
 .text._on_spis_evt
                0x0004ad20       0x78 E:/Prog/Fac/TER/Decawave_DWM1001-DEV/Source_Code_DWM-Tag/src/dwm-tag/../../lib/libdwm.a(serial.o)
 .text.spis_api_cb
                0x0004ad98       0x60 E:/Prog/Fac/TER/Decawave_DWM1001-DEV/Source_Code_DWM-Tag/src/dwm-tag/../../lib/libdwm.a(serial.o)
 .text._spis_init
                0x0004adf8       0x2c E:/Prog/Fac/TER/Decawave_DWM1001-DEV/Source_Code_DWM-Tag/src/dwm-tag/../../lib/libdwm.a(serial.o)
 .text._serial_sleep
                0x0004ae24       0x1c E:/Prog/Fac/TER/Decawave_DWM1001-DEV/Source_Code_DWM-Tag/src/dwm-tag/../../lib/libdwm.a(serial.o)
 .text.spis_event_handler
                0x0004ae40      0x1d0 E:/Prog/Fac/TER/Decawave_DWM1001-DEV/Source_Code_DWM-Tag/src/dwm-tag/../../lib/libdwm.a(serial.o)
 .text.serial_sleep
                0x0004b010       0x10 E:/Prog/Fac/TER/Decawave_DWM1001-DEV/Source_Code_DWM-Tag/src/dwm-tag/../../lib/libdwm.a(serial.o)
                0x0004b010                serial_sleep
 .text.serial_uart_reinit
                0x0004b020       0x10 E:/Prog/Fac/TER/Decawave_DWM1001-DEV/Source_Code_DWM-Tag/src/dwm-tag/../../lib/libdwm.a(serial.o)
                0x0004b020                serial_uart_reinit
 .text.serial_status_change_ntfy
                0x0004b030       0x10 E:/Prog/Fac/TER/Decawave_DWM1001-DEV/Source_Code_DWM-Tag/src/dwm-tag/../../lib/libdwm.a(serial.o)
                0x0004b030                serial_status_change_ntfy
 .text.serial_thread_entry
                0x0004b040      0x168 E:/Prog/Fac/TER/Decawave_DWM1001-DEV/Source_Code_DWM-Tag/src/dwm-tag/../../lib/libdwm.a(serial.o)
                0x0004b040                serial_thread_entry
 .text.serial_start
                0x0004b1a8       0x10 E:/Prog/Fac/TER/Decawave_DWM1001-DEV/Source_Code_DWM-Tag/src/dwm-tag/../../lib/libdwm.a(serial.o)
                0x0004b1a8                serial_start
 .text.serial_compile_spi
                0x0004b1b8       0x58 E:/Prog/Fac/TER/Decawave_DWM1001-DEV/Source_Code_DWM-Tag/src/dwm-tag/../../lib/libdwm.a(serial.o)
                0x0004b1b8                serial_compile_spi
 .text.serial_is_uart_compiled
                0x0004b210        0xc E:/Prog/Fac/TER/Decawave_DWM1001-DEV/Source_Code_DWM-Tag/src/dwm-tag/../../lib/libdwm.a(serial.o)
                0x0004b210                serial_is_uart_compiled
 .text.serial_is_compiled
                0x0004b21c        0xc E:/Prog/Fac/TER/Decawave_DWM1001-DEV/Source_Code_DWM-Tag/src/dwm-tag/../../lib/libdwm.a(serial.o)
                0x0004b21c                serial_is_compiled
 .text.cmd_enc_key_clear
                0x0004b228       0x34 E:/Prog/Fac/TER/Decawave_DWM1001-DEV/Source_Code_DWM-Tag/src/dwm-tag/../../lib/libdwm.a(shell-api.o)
                0x0004b228                cmd_enc_key_clear
 .text.cmd_nvm_usr_data_clear
                0x0004b25c       0x38 E:/Prog/Fac/TER/Decawave_DWM1001-DEV/Source_Code_DWM-Tag/src/dwm-tag/../../lib/libdwm.a(shell-api.o)
 .text.cmd_nvm_usr_data_set
                0x0004b294       0xb8 E:/Prog/Fac/TER/Decawave_DWM1001-DEV/Source_Code_DWM-Tag/src/dwm-tag/../../lib/libdwm.a(shell-api.o)
 .text.cmd_tlv  0x0004b34c       0xb0 E:/Prog/Fac/TER/Decawave_DWM1001-DEV/Source_Code_DWM-Tag/src/dwm-tag/../../lib/libdwm.a(shell-api.o)
 .text.api_cb   0x0004b3fc       0x44 E:/Prog/Fac/TER/Decawave_DWM1001-DEV/Source_Code_DWM-Tag/src/dwm-tag/../../lib/libdwm.a(shell-api.o)
 .text.cmd_enc_key_set
                0x0004b440       0x94 E:/Prog/Fac/TER/Decawave_DWM1001-DEV/Source_Code_DWM-Tag/src/dwm-tag/../../lib/libdwm.a(shell-api.o)
                0x0004b440                cmd_enc_key_set
 .text.cmd_nvm_usr_data_get
                0x0004b4d4       0x64 E:/Prog/Fac/TER/Decawave_DWM1001-DEV/Source_Code_DWM-Tag/src/dwm-tag/../../lib/libdwm.a(shell-api.o)
 .text.cmd_cfg_tn_set
                0x0004b538      0x120 E:/Prog/Fac/TER/Decawave_DWM1001-DEV/Source_Code_DWM-Tag/src/dwm-tag/../../lib/libdwm.a(shell-api.o)
 .text.cmd_cfg_an_set
                0x0004b658       0xf4 E:/Prog/Fac/TER/Decawave_DWM1001-DEV/Source_Code_DWM-Tag/src/dwm-tag/../../lib/libdwm.a(shell-api.o)
 .text.cmd_pos_set
                0x0004b74c       0x88 E:/Prog/Fac/TER/Decawave_DWM1001-DEV/Source_Code_DWM-Tag/src/dwm-tag/../../lib/libdwm.a(shell-api.o)
 .text.cmd_pos_get
                0x0004b7d4       0x48 E:/Prog/Fac/TER/Decawave_DWM1001-DEV/Source_Code_DWM-Tag/src/dwm-tag/../../lib/libdwm.a(shell-api.o)
 .text.cmd_ur_get
                0x0004b81c       0x4c E:/Prog/Fac/TER/Decawave_DWM1001-DEV/Source_Code_DWM-Tag/src/dwm-tag/../../lib/libdwm.a(shell-api.o)
 .text.cmd_ur_set
                0x0004b868       0x7c E:/Prog/Fac/TER/Decawave_DWM1001-DEV/Source_Code_DWM-Tag/src/dwm-tag/../../lib/libdwm.a(shell-api.o)
 .text.cmd_ble_disable
                0x0004b8e4        0x4 E:/Prog/Fac/TER/Decawave_DWM1001-DEV/Source_Code_DWM-Tag/src/dwm-tag/../../lib/libdwm.a(shell-ble.o)
 .text.cmd_ble_enable
                0x0004b8e8       0x10 E:/Prog/Fac/TER/Decawave_DWM1001-DEV/Source_Code_DWM-Tag/src/dwm-tag/../../lib/libdwm.a(shell-ble.o)
 .text.cmd_ble_addr_get
                0x0004b8f8        0x4 E:/Prog/Fac/TER/Decawave_DWM1001-DEV/Source_Code_DWM-Tag/src/dwm-tag/../../lib/libdwm.a(shell-ble.o)
 .text.cmd_ble_addr_set
                0x0004b8fc       0x50 E:/Prog/Fac/TER/Decawave_DWM1001-DEV/Source_Code_DWM-Tag/src/dwm-tag/../../lib/libdwm.a(shell-ble.o)
 .text.cmd_le_show_loc
                0x0004b94c       0x2c E:/Prog/Fac/TER/Decawave_DWM1001-DEV/Source_Code_DWM-Tag/src/dwm-tag/../../lib/libdwm.a(shell-le.o)
                0x0004b94c                cmd_le_show_loc
 .text.cmd_le_show_loc_csv
                0x0004b978       0x2c E:/Prog/Fac/TER/Decawave_DWM1001-DEV/Source_Code_DWM-Tag/src/dwm-tag/../../lib/libdwm.a(shell-le.o)
                0x0004b978                cmd_le_show_loc_csv
 .text.cmd_le_show_pos_csv
                0x0004b9a4        0x4 E:/Prog/Fac/TER/Decawave_DWM1001-DEV/Source_Code_DWM-Tag/src/dwm-tag/../../lib/libdwm.a(shell-le.o)
                0x0004b9a4                cmd_le_show_pos_csv
 .text._shell_stop
                0x0004b9a8        0xc E:/Prog/Fac/TER/Decawave_DWM1001-DEV/Source_Code_DWM-Tag/src/dwm-tag/../../lib/libdwm.a(shell.o)
 .text._shell_add_cmds
                0x0004b9b4       0x24 E:/Prog/Fac/TER/Decawave_DWM1001-DEV/Source_Code_DWM-Tag/src/dwm-tag/../../lib/libdwm.a(shell.o)
 .text._get_argc
                0x0004b9d8       0x1c E:/Prog/Fac/TER/Decawave_DWM1001-DEV/Source_Code_DWM-Tag/src/dwm-tag/../../lib/libdwm.a(shell.o)
 .text._shell_get_arg
                0x0004b9f4       0x14 E:/Prog/Fac/TER/Decawave_DWM1001-DEV/Source_Code_DWM-Tag/src/dwm-tag/../../lib/libdwm.a(shell.o)
 .text._shell_set_init_print
                0x0004ba08        0xc E:/Prog/Fac/TER/Decawave_DWM1001-DEV/Source_Code_DWM-Tag/src/dwm-tag/../../lib/libdwm.a(shell.o)
 .text._shell_show_hidden
                0x0004ba14        0xc E:/Prog/Fac/TER/Decawave_DWM1001-DEV/Source_Code_DWM-Tag/src/dwm-tag/../../lib/libdwm.a(shell.o)
 .text._shell_init_ready_await
                0x0004ba20       0x18 E:/Prog/Fac/TER/Decawave_DWM1001-DEV/Source_Code_DWM-Tag/src/dwm-tag/../../lib/libdwm.a(shell.o)
 .text.shell_init_print_fnc
                0x0004ba38        0xc E:/Prog/Fac/TER/Decawave_DWM1001-DEV/Source_Code_DWM-Tag/src/dwm-tag/../../lib/libdwm.a(shell.o)
 .text._shell_print_hex
                0x0004ba44       0x48 E:/Prog/Fac/TER/Decawave_DWM1001-DEV/Source_Code_DWM-Tag/src/dwm-tag/../../lib/libdwm.a(shell.o)
 .text._shell_get_arg_int
                0x0004ba8c       0x4c E:/Prog/Fac/TER/Decawave_DWM1001-DEV/Source_Code_DWM-Tag/src/dwm-tag/../../lib/libdwm.a(shell.o)
 .text._shell_start
                0x0004bad8        0x4 E:/Prog/Fac/TER/Decawave_DWM1001-DEV/Source_Code_DWM-Tag/src/dwm-tag/../../lib/libdwm.a(shell.o)
 .text._shell_uninit
                0x0004badc       0x3c E:/Prog/Fac/TER/Decawave_DWM1001-DEV/Source_Code_DWM-Tag/src/dwm-tag/../../lib/libdwm.a(shell.o)
 .text._shell_init
                0x0004bb18       0x44 E:/Prog/Fac/TER/Decawave_DWM1001-DEV/Source_Code_DWM-Tag/src/dwm-tag/../../lib/libdwm.a(shell.o)
 .text.shell_fsm_entry
                0x0004bb5c      0x29c E:/Prog/Fac/TER/Decawave_DWM1001-DEV/Source_Code_DWM-Tag/src/dwm-tag/../../lib/libdwm.a(shell.o)
 .text.shell_thread_entry
                0x0004bdf8       0x88 E:/Prog/Fac/TER/Decawave_DWM1001-DEV/Source_Code_DWM-Tag/src/dwm-tag/../../lib/libdwm.a(shell.o)
                0x0004bdf8                shell_thread_entry
 .text.dwm_shell_init
                0x0004be80       0x10 E:/Prog/Fac/TER/Decawave_DWM1001-DEV/Source_Code_DWM-Tag/src/dwm-tag/../../lib/libdwm.a(shell.o)
                0x0004be80                dwm_shell_init
 .text.shell_init
                0x0004be90       0x10 E:/Prog/Fac/TER/Decawave_DWM1001-DEV/Source_Code_DWM-Tag/src/dwm-tag/../../lib/libdwm.a(shell.o)
                0x0004be90                shell_init
 .text.shell_uninit
                0x0004bea0       0x10 E:/Prog/Fac/TER/Decawave_DWM1001-DEV/Source_Code_DWM-Tag/src/dwm-tag/../../lib/libdwm.a(shell.o)
                0x0004bea0                shell_uninit
 .text._shell_delete_if_unused
                0x0004beb0       0x2c E:/Prog/Fac/TER/Decawave_DWM1001-DEV/Source_Code_DWM-Tag/src/dwm-tag/../../lib/libdwm.a(shell.o)
 .text.shell_start
                0x0004bedc       0x10 E:/Prog/Fac/TER/Decawave_DWM1001-DEV/Source_Code_DWM-Tag/src/dwm-tag/../../lib/libdwm.a(shell.o)
                0x0004bedc                shell_start
 .text.shell_stop
                0x0004beec       0x10 E:/Prog/Fac/TER/Decawave_DWM1001-DEV/Source_Code_DWM-Tag/src/dwm-tag/../../lib/libdwm.a(shell.o)
                0x0004beec                shell_stop
 .text.shell_quit
                0x0004befc       0x14 E:/Prog/Fac/TER/Decawave_DWM1001-DEV/Source_Code_DWM-Tag/src/dwm-tag/../../lib/libdwm.a(shell.o)
 .text.shell_delete_if_unused
                0x0004bf10       0x10 E:/Prog/Fac/TER/Decawave_DWM1001-DEV/Source_Code_DWM-Tag/src/dwm-tag/../../lib/libdwm.a(shell.o)
                0x0004bf10                shell_delete_if_unused
 .text.shell_add_cmds
                0x0004bf20       0x10 E:/Prog/Fac/TER/Decawave_DWM1001-DEV/Source_Code_DWM-Tag/src/dwm-tag/../../lib/libdwm.a(shell.o)
                0x0004bf20                shell_add_cmds
 .text.get_argc
                0x0004bf30       0x10 E:/Prog/Fac/TER/Decawave_DWM1001-DEV/Source_Code_DWM-Tag/src/dwm-tag/../../lib/libdwm.a(shell.o)
                0x0004bf30                get_argc
 .text.shell_get_arg
                0x0004bf40       0x10 E:/Prog/Fac/TER/Decawave_DWM1001-DEV/Source_Code_DWM-Tag/src/dwm-tag/../../lib/libdwm.a(shell.o)
                0x0004bf40                shell_get_arg
 .text._get_argv
                0x0004bf50        0x4 E:/Prog/Fac/TER/Decawave_DWM1001-DEV/Source_Code_DWM-Tag/src/dwm-tag/../../lib/libdwm.a(shell.o)
 .text.shell_get_arg_int
                0x0004bf54       0x10 E:/Prog/Fac/TER/Decawave_DWM1001-DEV/Source_Code_DWM-Tag/src/dwm-tag/../../lib/libdwm.a(shell.o)
                0x0004bf54                shell_get_arg_int
 .text.shell_set_init_print
                0x0004bf64       0x10 E:/Prog/Fac/TER/Decawave_DWM1001-DEV/Source_Code_DWM-Tag/src/dwm-tag/../../lib/libdwm.a(shell.o)
                0x0004bf64                shell_set_init_print
 .text._dwm_shell_init
                0x0004bf74       0x70 E:/Prog/Fac/TER/Decawave_DWM1001-DEV/Source_Code_DWM-Tag/src/dwm-tag/../../lib/libdwm.a(shell.o)
                0x0004bf74                _dwm_shell_init
 .text.shell_show_hidden
                0x0004bfe4       0x10 E:/Prog/Fac/TER/Decawave_DWM1001-DEV/Source_Code_DWM-Tag/src/dwm-tag/../../lib/libdwm.a(shell.o)
                0x0004bfe4                shell_show_hidden
 .text.shell_help
                0x0004bff4       0xa8 E:/Prog/Fac/TER/Decawave_DWM1001-DEV/Source_Code_DWM-Tag/src/dwm-tag/../../lib/libdwm.a(shell.o)
 .text.shell_show_hidden_enabled
                0x0004c09c       0x14 E:/Prog/Fac/TER/Decawave_DWM1001-DEV/Source_Code_DWM-Tag/src/dwm-tag/../../lib/libdwm.a(shell.o)
                0x0004c09c                shell_show_hidden_enabled
 .text.shell_is_compiled
                0x0004c0b0        0xc E:/Prog/Fac/TER/Decawave_DWM1001-DEV/Source_Code_DWM-Tag/src/dwm-tag/../../lib/libdwm.a(shell.o)
                0x0004c0b0                shell_is_compiled
 .text.shell_compile
                0x0004c0bc       0xe0 E:/Prog/Fac/TER/Decawave_DWM1001-DEV/Source_Code_DWM-Tag/src/dwm-tag/../../lib/libdwm.a(shell.o)
                0x0004c0bc                shell_compile
 .text.cmd_twi  0x0004c19c       0xc4 E:/Prog/Fac/TER/Decawave_DWM1001-DEV/Source_Code_DWM-Tag/src/dwm-tag/../../lib/libdwm.a(shell-sens.o)
                0x0004c19c                cmd_twi
 .text.cmd_stnry_cfg_get
                0x0004c260       0x2c E:/Prog/Fac/TER/Decawave_DWM1001-DEV/Source_Code_DWM-Tag/src/dwm-tag/../../lib/libdwm.a(shell-sens.o)
                0x0004c260                cmd_stnry_cfg_get
 .text.cmd_acc_xyz
                0x0004c28c       0x48 E:/Prog/Fac/TER/Decawave_DWM1001-DEV/Source_Code_DWM-Tag/src/dwm-tag/../../lib/libdwm.a(shell-sens.o)
 .text.cmd_acc_id
                0x0004c2d4       0x24 E:/Prog/Fac/TER/Decawave_DWM1001-DEV/Source_Code_DWM-Tag/src/dwm-tag/../../lib/libdwm.a(shell-sens.o)
 .text.cmd_stnry_cfg_set
                0x0004c2f8       0x60 E:/Prog/Fac/TER/Decawave_DWM1001-DEV/Source_Code_DWM-Tag/src/dwm-tag/../../lib/libdwm.a(shell-sens.o)
                0x0004c2f8                cmd_stnry_cfg_set
 .text.NVIC_SystemReset
                0x0004c358       0x24 E:/Prog/Fac/TER/Decawave_DWM1001-DEV/Source_Code_DWM-Tag/src/dwm-tag/../../lib/libdwm.a(shell-sys.o)
 .text.cmd_reset
                0x0004c37c        0x6 E:/Prog/Fac/TER/Decawave_DWM1001-DEV/Source_Code_DWM-Tag/src/dwm-tag/../../lib/libdwm.a(shell-sys.o)
                0x0004c37c                cmd_reset
 .text.cmd_free
                0x0004c382        0x4 E:/Prog/Fac/TER/Decawave_DWM1001-DEV/Source_Code_DWM-Tag/src/dwm-tag/../../lib/libdwm.a(shell-sys.o)
                0x0004c382                cmd_free
 .text.cmd_ps   0x0004c386        0x4 E:/Prog/Fac/TER/Decawave_DWM1001-DEV/Source_Code_DWM-Tag/src/dwm-tag/../../lib/libdwm.a(shell-sys.o)
                0x0004c386                cmd_ps
 .text.cmd_pm_show
                0x0004c38a        0x4 E:/Prog/Fac/TER/Decawave_DWM1001-DEV/Source_Code_DWM-Tag/src/dwm-tag/../../lib/libdwm.a(shell-sys.o)
                0x0004c38a                cmd_pm_show
 .text.cmd_uptime
                0x0004c38e        0x4 E:/Prog/Fac/TER/Decawave_DWM1001-DEV/Source_Code_DWM-Tag/src/dwm-tag/../../lib/libdwm.a(shell-sys.o)
                0x0004c38e                cmd_uptime
 *fill*         0x0004c392        0x2 
 .text.cmd_boot_addr_toggle
                0x0004c394       0x38 E:/Prog/Fac/TER/Decawave_DWM1001-DEV/Source_Code_DWM-Tag/src/dwm-tag/../../lib/libdwm.a(shell-sys.o)
                0x0004c394                cmd_boot_addr_toggle
 .text.cmd_shutdown_uwb
                0x0004c3cc       0x54 E:/Prog/Fac/TER/Decawave_DWM1001-DEV/Source_Code_DWM-Tag/src/dwm-tag/../../lib/libdwm.a(shell-sys.o)
                0x0004c3cc                cmd_shutdown_uwb
 .text.cmd_shutdown_ble
                0x0004c420        0xe E:/Prog/Fac/TER/Decawave_DWM1001-DEV/Source_Code_DWM-Tag/src/dwm-tag/../../lib/libdwm.a(shell-sys.o)
                0x0004c420                cmd_shutdown_ble
 *fill*         0x0004c42e        0x2 
 .text.cmd_shutdown_misc
                0x0004c430       0x50 E:/Prog/Fac/TER/Decawave_DWM1001-DEV/Source_Code_DWM-Tag/src/dwm-tag/../../lib/libdwm.a(shell-sys.o)
                0x0004c430                cmd_shutdown_misc
 .text.cmd_shutdown_all
                0x0004c480        0xe E:/Prog/Fac/TER/Decawave_DWM1001-DEV/Source_Code_DWM-Tag/src/dwm-tag/../../lib/libdwm.a(shell-sys.o)
                0x0004c480                cmd_shutdown_all
 .text.cmd_factory_reset
                0x0004c48e        0x4 E:/Prog/Fac/TER/Decawave_DWM1001-DEV/Source_Code_DWM-Tag/src/dwm-tag/../../lib/libdwm.a(shell-sys.o)
                0x0004c48e                cmd_factory_reset
 .text.cmd_sys_info
                0x0004c492       0x30 E:/Prog/Fac/TER/Decawave_DWM1001-DEV/Source_Code_DWM-Tag/src/dwm-tag/../../lib/libdwm.a(shell-sys.o)
 *fill*         0x0004c4c2        0x2 
 .text.NVIC_SystemReset
                0x0004c4c4       0x24 E:/Prog/Fac/TER/Decawave_DWM1001-DEV/Source_Code_DWM-Tag/src/dwm-tag/../../lib/libdwm.a(shell-uwbmac.o)
 .text.cmd_uwbmac_stats_clear
                0x0004c4e8       0x28 E:/Prog/Fac/TER/Decawave_DWM1001-DEV/Source_Code_DWM-Tag/src/dwm-tag/../../lib/libdwm.a(shell-uwbmac.o)
 .text.cmd_test_udi
                0x0004c510       0x38 E:/Prog/Fac/TER/Decawave_DWM1001-DEV/Source_Code_DWM-Tag/src/dwm-tag/../../lib/libdwm.a(shell-uwbmac.o)
 .text.cmd_uwbmac_stats_get
                0x0004c548        0xe E:/Prog/Fac/TER/Decawave_DWM1001-DEV/Source_Code_DWM-Tag/src/dwm-tag/../../lib/libdwm.a(shell-uwbmac.o)
 *fill*         0x0004c556        0x2 
 .text.cmd_test_uui
                0x0004c558      0x170 E:/Prog/Fac/TER/Decawave_DWM1001-DEV/Source_Code_DWM-Tag/src/dwm-tag/../../lib/libdwm.a(shell-uwbmac.o)
 .text.cmd_uwbmac_lrn
                0x0004c6c8       0xf4 E:/Prog/Fac/TER/Decawave_DWM1001-DEV/Source_Code_DWM-Tag/src/dwm-tag/../../lib/libdwm.a(shell-uwbmac.o)
 .text.cmd_uwbmac_lr
                0x0004c7bc       0xf4 E:/Prog/Fac/TER/Decawave_DWM1001-DEV/Source_Code_DWM-Tag/src/dwm-tag/../../lib/libdwm.a(shell-uwbmac.o)
 .text.cmd_uwbmac_lb
                0x0004c8b0       0x18 E:/Prog/Fac/TER/Decawave_DWM1001-DEV/Source_Code_DWM-Tag/src/dwm-tag/../../lib/libdwm.a(shell-uwbmac.o)
 .text.cmd_uwbmac_la
                0x0004c8c8       0x18 E:/Prog/Fac/TER/Decawave_DWM1001-DEV/Source_Code_DWM-Tag/src/dwm-tag/../../lib/libdwm.a(shell-uwbmac.o)
 .text.cmd_uwbmac_reinit
                0x0004c8e0       0x64 E:/Prog/Fac/TER/Decawave_DWM1001-DEV/Source_Code_DWM-Tag/src/dwm-tag/../../lib/libdwm.a(shell-uwbmac.o)
 .text.cmd_acf_toggle
                0x0004c944       0x58 E:/Prog/Fac/TER/Decawave_DWM1001-DEV/Source_Code_DWM-Tag/src/dwm-tag/../../lib/libdwm.a(shell-uwbmac.o)
 .text.cmd_bpc_toggle
                0x0004c99c       0x58 E:/Prog/Fac/TER/Decawave_DWM1001-DEV/Source_Code_DWM-Tag/src/dwm-tag/../../lib/libdwm.a(shell-uwbmac.o)
 .text.cmd_node_mode_set_bn